
===========================================================================
 report_check_types -max_slew -max_cap -max_fanout -violators
============================================================================
max fanout

Pin                                   Limit Fanout  Slack
---------------------------------------------------------
fanout97/X                                6      9     -3 (VIOLATED)
_2667_/X                                  6      8     -2 (VIOLATED)
_2123_/X                                  6      7        (VIOLATED)
_2144_/X                                  6      7        (VIOLATED)
_2272_/X                                  6      7        (VIOLATED)
_3283_/Q                                  6      7        (VIOLATED)
_3292_/Q                                  6      7        (VIOLATED)
_3295_/Q                                  6      7        (VIOLATED)
_3297_/Q                                  6      7        (VIOLATED)
fanout84/X                                6      7        (VIOLATED)
fanout90/X                                6      7        (VIOLATED)
fanout98/X                                6      7        (VIOLATED)


===========================================================================
max slew violation count 0
max fanout violation count 12
max cap violation count 0
============================================================================
