
===========================================================================
report_parasitic_annotation -report_unannotated
============================================================================
Found 0 unannotated drivers.
Found 0 partially unannotated drivers.
parastic_annotation_check
check_slew

===========================================================================
 report_check_types -max_slew -max_cap -max_fanout -violators
============================================================================
max fanout

Pin                                   Limit Fanout  Slack
---------------------------------------------------------
fanout97/X                                6      9     -3 (VIOLATED)
_2667_/X                                  6      8     -2 (VIOLATED)
_2123_/X                                  6      7        (VIOLATED)
_2144_/X                                  6      7        (VIOLATED)
_2272_/X                                  6      7        (VIOLATED)
_3283_/Q                                  6      7        (VIOLATED)
_3292_/Q                                  6      7        (VIOLATED)
_3295_/Q                                  6      7        (VIOLATED)
_3297_/Q                                  6      7        (VIOLATED)
fanout84/X                                6      7        (VIOLATED)
fanout90/X                                6      7        (VIOLATED)
fanout98/X                                6      7        (VIOLATED)


===========================================================================
max slew violation count 0
max fanout violation count 12
max cap violation count 0
============================================================================
check_slew_end
tns_report

===========================================================================
 report_tns
============================================================================
tns 0.00
tns_report_end
wns_report

===========================================================================
 report_wns
============================================================================
wns 0.00
wns_report_end
worst_slack

===========================================================================
 report_worst_slack -max (Setup)
============================================================================
worst slack 7.40

===========================================================================
 report_worst_slack -min (Hold)
============================================================================
worst slack 6.83
worst_slack_end
clock_skew

===========================================================================
 report_clock_skew
============================================================================
Clock clk_48
No launch/capture paths found.

clock_skew_end
power_report

===========================================================================
 report_power
============================================================================
Group                  Internal  Switching    Leakage      Total
                          Power      Power      Power      Power (Watts)
----------------------------------------------------------------
Sequential             5.18e-04   3.68e-04   3.07e-09   8.86e-04  40.5%
Combinational          6.25e-04   6.79e-04   1.22e-08   1.30e-03  59.5%
Macro                  0.00e+00   0.00e+00   0.00e+00   0.00e+00   0.0%
Pad                    0.00e+00   0.00e+00   0.00e+00   0.00e+00   0.0%
----------------------------------------------------------------
Total                  1.14e-03   1.05e-03   1.52e-08   2.19e-03 100.0%
                          52.2%      47.8%       0.0%
power_report_end
area_report

===========================================================================
 report_design_area
============================================================================
Design area 23626 u^2 44% utilization.
area_report_end
Setting global connections for newly added cells...
[WARNING] Did not save OpenROAD database!
Writing SDF to /openlane/designs/vahid6i/runs/RUN_2023.03.27_21.25.06/results/routing/mca/process_corner_nom/vahid6i.sdf...
Writing timing model to /openlane/designs/vahid6i/runs/RUN_2023.03.27_21.25.06/results/routing/mca/process_corner_nom/vahid6i.lib...

