
===========================================================================
report_parasitic_annotation -report_unannotated
============================================================================
Found 0 unannotated drivers.
Found 0 partially unannotated drivers.
parastic_annotation_check
check_slew

===========================================================================
 report_check_types -max_slew -max_cap -max_fanout -violators
============================================================================
max fanout

Pin                                   Limit Fanout  Slack
---------------------------------------------------------
_1736_/X                                  6      7        (VIOLATED)
_1968_/X                                  6      7        (VIOLATED)
_2473_/Y                                  6      7        (VIOLATED)
fanout96/X                                6      7        (VIOLATED)


===========================================================================
max slew violation count 0
max fanout violation count 4
max cap violation count 0
============================================================================
check_slew_end
tns_report

===========================================================================
 report_tns
============================================================================
tns 0.00
tns_report_end
wns_report

===========================================================================
 report_wns
============================================================================
wns 0.00
wns_report_end
worst_slack

===========================================================================
 report_worst_slack -max (Setup)
============================================================================
worst slack 7.33

===========================================================================
 report_worst_slack -min (Hold)
============================================================================
worst slack 6.90
worst_slack_end
clock_skew

===========================================================================
 report_clock_skew
============================================================================
Clock clk_48
No launch/capture paths found.

clock_skew_end
power_report

===========================================================================
 report_power
============================================================================
Group                  Internal  Switching    Leakage      Total
                          Power      Power      Power      Power (Watts)
----------------------------------------------------------------
Sequential             5.37e-04   3.84e-04   3.14e-09   9.21e-04  39.4%
Combinational          6.68e-04   7.51e-04   1.29e-08   1.42e-03  60.6%
Macro                  0.00e+00   0.00e+00   0.00e+00   0.00e+00   0.0%
Pad                    0.00e+00   0.00e+00   0.00e+00   0.00e+00   0.0%
----------------------------------------------------------------
Total                  1.21e-03   1.14e-03   1.60e-08   2.34e-03 100.0%
                          51.5%      48.5%       0.0%
power_report_end
area_report

===========================================================================
 report_design_area
============================================================================
Design area 24958 u^2 44% utilization.
area_report_end
Setting global connections for newly added cells...
[WARNING] Did not save OpenROAD database!
Writing SDF to /openlane/designs/vahid6i/runs/RUN_2023.04.16_13.47.40/results/routing/mca/process_corner_nom/vahid6i.sdf...
Writing timing model to /openlane/designs/vahid6i/runs/RUN_2023.04.16_13.47.40/results/routing/mca/process_corner_nom/vahid6i.lib...

