
===========================================================================
 report_check_types -max_slew -max_cap -max_fanout -violators
============================================================================
max slew

Pin                                    Limit    Slew   Slack
------------------------------------------------------------
clock                                   1.50    1.59   -0.10 (VIOLATED)
_1818_/CLK                              1.50    1.59   -0.09 (VIOLATED)
_1819_/CLK                              1.50    1.59   -0.09 (VIOLATED)
_1820_/CLK                              1.50    1.59   -0.09 (VIOLATED)
_1821_/CLK                              1.50    1.59   -0.09 (VIOLATED)
_1822_/CLK                              1.50    1.59   -0.09 (VIOLATED)
_1823_/CLK                              1.50    1.59   -0.09 (VIOLATED)
_1824_/CLK                              1.50    1.59   -0.09 (VIOLATED)
_1825_/CLK                              1.50    1.59   -0.09 (VIOLATED)
_1842_/CLK                              1.50    1.59   -0.09 (VIOLATED)
_1843_/CLK                              1.50    1.59   -0.09 (VIOLATED)
_1844_/CLK                              1.50    1.59   -0.09 (VIOLATED)
_1845_/CLK                              1.50    1.59   -0.09 (VIOLATED)
_1846_/CLK                              1.50    1.59   -0.09 (VIOLATED)
_1847_/CLK                              1.50    1.59   -0.09 (VIOLATED)
_1848_/CLK                              1.50    1.59   -0.09 (VIOLATED)
_1849_/CLK                              1.50    1.59   -0.09 (VIOLATED)
_1850_/CLK                              1.50    1.59   -0.09 (VIOLATED)
_1851_/CLK                              1.50    1.59   -0.09 (VIOLATED)
_1852_/CLK                              1.50    1.59   -0.09 (VIOLATED)
_1853_/CLK                              1.50    1.59   -0.09 (VIOLATED)
_1854_/CLK                              1.50    1.59   -0.09 (VIOLATED)
_1855_/CLK                              1.50    1.59   -0.09 (VIOLATED)
_1856_/CLK                              1.50    1.59   -0.09 (VIOLATED)
_1857_/CLK                              1.50    1.59   -0.09 (VIOLATED)
_1858_/CLK                              1.50    1.59   -0.09 (VIOLATED)
_1859_/CLK                              1.50    1.59   -0.09 (VIOLATED)
_1860_/CLK                              1.50    1.59   -0.09 (VIOLATED)
_1861_/CLK                              1.50    1.59   -0.09 (VIOLATED)
_1862_/CLK                              1.50    1.59   -0.09 (VIOLATED)
_1863_/CLK                              1.50    1.59   -0.09 (VIOLATED)
_1864_/CLK                              1.50    1.59   -0.09 (VIOLATED)
_1865_/CLK                              1.50    1.59   -0.09 (VIOLATED)
_1866_/CLK                              1.50    1.59   -0.09 (VIOLATED)
_1867_/CLK                              1.50    1.59   -0.09 (VIOLATED)
_1868_/CLK                              1.50    1.59   -0.09 (VIOLATED)
_1869_/CLK                              1.50    1.59   -0.09 (VIOLATED)
_1870_/CLK                              1.50    1.59   -0.09 (VIOLATED)
_1871_/CLK                              1.50    1.59   -0.09 (VIOLATED)
_1872_/CLK                              1.50    1.59   -0.09 (VIOLATED)
_1873_/CLK                              1.50    1.59   -0.09 (VIOLATED)
_1874_/CLK                              1.50    1.59   -0.09 (VIOLATED)
_1875_/CLK                              1.50    1.59   -0.09 (VIOLATED)
_1876_/CLK                              1.50    1.59   -0.09 (VIOLATED)
_1877_/CLK                              1.50    1.59   -0.09 (VIOLATED)
_1878_/CLK                              1.50    1.59   -0.09 (VIOLATED)
_1879_/CLK                              1.50    1.59   -0.09 (VIOLATED)
_1880_/CLK                              1.50    1.59   -0.09 (VIOLATED)
_1881_/CLK                              1.50    1.59   -0.09 (VIOLATED)
_1882_/CLK                              1.50    1.59   -0.09 (VIOLATED)
_1883_/CLK                              1.50    1.59   -0.09 (VIOLATED)
_1884_/CLK                              1.50    1.59   -0.09 (VIOLATED)
_1885_/CLK                              1.50    1.59   -0.09 (VIOLATED)
_1886_/CLK                              1.50    1.59   -0.09 (VIOLATED)
_1887_/CLK                              1.50    1.59   -0.09 (VIOLATED)
_1888_/CLK                              1.50    1.59   -0.09 (VIOLATED)
_1889_/CLK                              1.50    1.59   -0.09 (VIOLATED)
_1890_/CLK                              1.50    1.59   -0.09 (VIOLATED)
_1891_/CLK                              1.50    1.59   -0.09 (VIOLATED)
_1892_/CLK                              1.50    1.59   -0.09 (VIOLATED)
_1893_/CLK                              1.50    1.59   -0.09 (VIOLATED)
_1894_/CLK                              1.50    1.59   -0.09 (VIOLATED)
_1895_/CLK                              1.50    1.59   -0.09 (VIOLATED)
_1896_/CLK                              1.50    1.59   -0.09 (VIOLATED)
_1897_/CLK                              1.50    1.59   -0.09 (VIOLATED)
_1898_/CLK                              1.50    1.59   -0.09 (VIOLATED)
_1899_/CLK                              1.50    1.59   -0.09 (VIOLATED)
_1900_/CLK                              1.50    1.59   -0.09 (VIOLATED)
_1901_/CLK                              1.50    1.59   -0.09 (VIOLATED)
_1902_/CLK                              1.50    1.59   -0.09 (VIOLATED)
_1903_/CLK                              1.50    1.59   -0.09 (VIOLATED)
_1904_/CLK                              1.50    1.59   -0.09 (VIOLATED)
_1905_/CLK                              1.50    1.59   -0.09 (VIOLATED)
_1906_/CLK                              1.50    1.59   -0.09 (VIOLATED)
_1907_/CLK                              1.50    1.59   -0.09 (VIOLATED)
_1908_/CLK                              1.50    1.59   -0.09 (VIOLATED)
_1909_/CLK                              1.50    1.59   -0.09 (VIOLATED)
_1910_/CLK                              1.50    1.59   -0.09 (VIOLATED)
_1911_/CLK                              1.50    1.59   -0.09 (VIOLATED)
_1912_/CLK                              1.50    1.59   -0.09 (VIOLATED)
_1913_/CLK                              1.50    1.59   -0.09 (VIOLATED)
_1914_/CLK                              1.50    1.59   -0.09 (VIOLATED)
_1915_/CLK                              1.50    1.59   -0.09 (VIOLATED)
_1916_/CLK                              1.50    1.59   -0.09 (VIOLATED)
_1917_/CLK                              1.50    1.59   -0.09 (VIOLATED)
_1918_/CLK                              1.50    1.59   -0.09 (VIOLATED)
_1919_/CLK                              1.50    1.59   -0.09 (VIOLATED)
_1920_/CLK                              1.50    1.59   -0.09 (VIOLATED)
_1921_/CLK                              1.50    1.59   -0.09 (VIOLATED)
_1922_/CLK                              1.50    1.59   -0.09 (VIOLATED)
_1923_/CLK                              1.50    1.59   -0.09 (VIOLATED)
_1924_/CLK                              1.50    1.59   -0.09 (VIOLATED)
_1925_/CLK                              1.50    1.59   -0.09 (VIOLATED)
_1926_/CLK                              1.50    1.59   -0.09 (VIOLATED)
_1927_/CLK                              1.50    1.59   -0.09 (VIOLATED)
_1928_/CLK                              1.50    1.59   -0.09 (VIOLATED)
_1929_/CLK                              1.50    1.59   -0.09 (VIOLATED)
_1930_/CLK                              1.50    1.59   -0.09 (VIOLATED)
_1931_/CLK                              1.50    1.59   -0.09 (VIOLATED)
_1932_/CLK                              1.50    1.59   -0.09 (VIOLATED)
_1933_/CLK                              1.50    1.59   -0.09 (VIOLATED)
_1934_/CLK                              1.50    1.59   -0.09 (VIOLATED)
_1935_/CLK                              1.50    1.59   -0.09 (VIOLATED)
_1936_/CLK                              1.50    1.59   -0.09 (VIOLATED)
_1937_/CLK                              1.50    1.59   -0.09 (VIOLATED)
_1938_/CLK                              1.50    1.59   -0.09 (VIOLATED)
_1939_/CLK                              1.50    1.59   -0.09 (VIOLATED)
_1940_/CLK                              1.50    1.59   -0.09 (VIOLATED)
_1941_/CLK                              1.50    1.59   -0.09 (VIOLATED)
_1942_/CLK                              1.50    1.59   -0.09 (VIOLATED)
_1943_/CLK                              1.50    1.59   -0.09 (VIOLATED)
_1944_/CLK                              1.50    1.59   -0.09 (VIOLATED)
_1945_/CLK                              1.50    1.59   -0.09 (VIOLATED)
_1946_/CLK                              1.50    1.59   -0.09 (VIOLATED)
_1947_/CLK                              1.50    1.59   -0.09 (VIOLATED)
_1948_/CLK                              1.50    1.59   -0.09 (VIOLATED)
_1949_/CLK                              1.50    1.59   -0.09 (VIOLATED)
_1950_/CLK                              1.50    1.59   -0.09 (VIOLATED)
_1951_/CLK                              1.50    1.59   -0.09 (VIOLATED)
_1952_/CLK                              1.50    1.59   -0.09 (VIOLATED)
_1953_/CLK                              1.50    1.59   -0.09 (VIOLATED)
_1954_/CLK                              1.50    1.59   -0.09 (VIOLATED)
_1955_/CLK                              1.50    1.59   -0.09 (VIOLATED)
_1956_/CLK                              1.50    1.59   -0.09 (VIOLATED)
_1957_/CLK                              1.50    1.59   -0.09 (VIOLATED)
_1958_/CLK                              1.50    1.59   -0.09 (VIOLATED)
_1959_/CLK                              1.50    1.59   -0.09 (VIOLATED)
_1960_/CLK                              1.50    1.59   -0.09 (VIOLATED)
_1961_/CLK                              1.50    1.59   -0.09 (VIOLATED)
_1962_/CLK                              1.50    1.59   -0.09 (VIOLATED)
_1963_/CLK                              1.50    1.59   -0.09 (VIOLATED)
_1964_/CLK                              1.50    1.59   -0.09 (VIOLATED)
_1965_/CLK                              1.50    1.59   -0.09 (VIOLATED)
_1966_/CLK                              1.50    1.59   -0.09 (VIOLATED)
_1967_/CLK                              1.50    1.59   -0.09 (VIOLATED)
_1968_/CLK                              1.50    1.59   -0.09 (VIOLATED)
_1969_/CLK                              1.50    1.59   -0.09 (VIOLATED)
_1970_/CLK                              1.50    1.59   -0.09 (VIOLATED)
_1971_/CLK                              1.50    1.59   -0.09 (VIOLATED)
_1972_/CLK                              1.50    1.59   -0.09 (VIOLATED)
_1973_/CLK                              1.50    1.59   -0.09 (VIOLATED)
_1974_/CLK                              1.50    1.59   -0.09 (VIOLATED)
_1975_/CLK                              1.50    1.59   -0.09 (VIOLATED)
_1976_/CLK                              1.50    1.59   -0.09 (VIOLATED)
_1977_/CLK                              1.50    1.59   -0.09 (VIOLATED)
_1978_/CLK                              1.50    1.59   -0.09 (VIOLATED)
_1979_/CLK                              1.50    1.59   -0.09 (VIOLATED)
_1980_/CLK                              1.50    1.59   -0.09 (VIOLATED)
_1981_/CLK                              1.50    1.59   -0.09 (VIOLATED)
_1982_/CLK                              1.50    1.59   -0.09 (VIOLATED)
_1983_/CLK                              1.50    1.59   -0.09 (VIOLATED)
_1984_/CLK                              1.50    1.59   -0.09 (VIOLATED)
_1985_/CLK                              1.50    1.59   -0.09 (VIOLATED)
_1986_/CLK                              1.50    1.59   -0.09 (VIOLATED)
_1987_/CLK                              1.50    1.59   -0.09 (VIOLATED)
_1988_/CLK                              1.50    1.59   -0.09 (VIOLATED)
_1989_/CLK                              1.50    1.59   -0.09 (VIOLATED)
_1990_/CLK                              1.50    1.59   -0.09 (VIOLATED)
_1991_/CLK                              1.50    1.59   -0.09 (VIOLATED)
_1992_/CLK                              1.50    1.59   -0.09 (VIOLATED)
_1993_/CLK                              1.50    1.59   -0.09 (VIOLATED)
_1994_/CLK                              1.50    1.59   -0.09 (VIOLATED)
_2003_/CLK                              1.50    1.59   -0.09 (VIOLATED)
_2004_/CLK                              1.50    1.59   -0.09 (VIOLATED)
_2005_/CLK                              1.50    1.59   -0.09 (VIOLATED)
_2006_/CLK                              1.50    1.59   -0.09 (VIOLATED)
_2007_/CLK                              1.50    1.59   -0.09 (VIOLATED)
_2008_/CLK                              1.50    1.59   -0.09 (VIOLATED)
_2009_/CLK                              1.50    1.59   -0.09 (VIOLATED)
_2010_/CLK                              1.50    1.59   -0.09 (VIOLATED)
_2011_/CLK                              1.50    1.59   -0.09 (VIOLATED)
_2012_/CLK                              1.50    1.59   -0.09 (VIOLATED)
_2021_/CLK                              1.50    1.59   -0.09 (VIOLATED)
_2022_/CLK                              1.50    1.59   -0.09 (VIOLATED)
_2023_/CLK                              1.50    1.59   -0.09 (VIOLATED)
_2024_/CLK                              1.50    1.59   -0.09 (VIOLATED)
_2025_/CLK                              1.50    1.59   -0.09 (VIOLATED)
_2026_/CLK                              1.50    1.59   -0.09 (VIOLATED)
_2027_/CLK                              1.50    1.59   -0.09 (VIOLATED)
_2028_/CLK                              1.50    1.59   -0.09 (VIOLATED)
_2029_/CLK                              1.50    1.59   -0.09 (VIOLATED)
_2030_/CLK                              1.50    1.59   -0.09 (VIOLATED)
_2031_/CLK                              1.50    1.59   -0.09 (VIOLATED)
_2032_/CLK                              1.50    1.59   -0.09 (VIOLATED)
_2033_/CLK                              1.50    1.59   -0.09 (VIOLATED)
_2034_/CLK                              1.50    1.59   -0.09 (VIOLATED)
_2035_/CLK                              1.50    1.59   -0.09 (VIOLATED)
_2036_/CLK                              1.50    1.59   -0.09 (VIOLATED)
_2037_/CLK                              1.50    1.59   -0.09 (VIOLATED)
_2039_/A                                1.50    1.59   -0.09 (VIOLATED)

max fanout

Pin                                   Limit Fanout  Slack
---------------------------------------------------------
clock                                     6    189   -183 (VIOLATED)
reset                                     6     22    -16 (VIOLATED)
_2023_/Q                                  6      9     -3 (VIOLATED)
_2024_/Q                                  6      9     -3 (VIOLATED)

max capacitance

Pin                                    Limit     Cap   Slack
------------------------------------------------------------
clock                                   0.33    0.35   -0.02 (VIOLATED)


===========================================================================
max slew violation count 190
max fanout violation count 4
max cap violation count 1
============================================================================
