
===========================================================================
report_checks -unconstrained
============================================================================
Startpoint: clock (input port clocked by clk_48)
Endpoint: led_clock (output port clocked by clk_48)
Path Group: clk_48
Path Type: max

Fanout     Cap    Slew   Delay    Time   Description
-----------------------------------------------------------------------------
                  0.00    0.00    0.00   clock clk_48 (rise edge)
                          0.00    0.00   clock network delay (ideal)
                          3.00    3.00 ^ input external delay
                  0.02    0.01    3.01 ^ clock (in)
     1    0.00                           clock (net)
                  0.02    0.00    3.01 ^ input33/A (sky130_fd_sc_hd__clkbuf_1)
                  0.06    0.09    3.10 ^ input33/X (sky130_fd_sc_hd__clkbuf_1)
     1    0.00                           net33 (net)
                  0.06    0.00    3.10 ^ fanout187/A (sky130_fd_sc_hd__clkbuf_2)
                  0.14    0.18    3.28 ^ fanout187/X (sky130_fd_sc_hd__clkbuf_2)
     3    0.02                           net187 (net)
                  0.14    0.00    3.28 ^ fanout186/A (sky130_fd_sc_hd__clkbuf_2)
                  0.12    0.20    3.48 ^ fanout186/X (sky130_fd_sc_hd__clkbuf_2)
     3    0.02                           net186 (net)
                  0.12    0.00    3.49 ^ fanout167/A (sky130_fd_sc_hd__clkbuf_2)
                  0.12    0.20    3.68 ^ fanout167/X (sky130_fd_sc_hd__clkbuf_2)
     4    0.02                           net167 (net)
                  0.12    0.00    3.68 ^ fanout159/A (sky130_fd_sc_hd__clkbuf_1)
                  0.15    0.19    3.87 ^ fanout159/X (sky130_fd_sc_hd__clkbuf_1)
     3    0.01                           net159 (net)
                  0.15    0.00    3.87 ^ _3424_/A (sky130_fd_sc_hd__clkbuf_1)
                  0.05    0.11    3.98 ^ _3424_/X (sky130_fd_sc_hd__clkbuf_1)
     1    0.00                           net78 (net)
                  0.05    0.00    3.98 ^ output78/A (sky130_fd_sc_hd__clkbuf_4)
                  0.12    0.20    4.18 ^ output78/X (sky130_fd_sc_hd__clkbuf_4)
     1    0.04                           led_clock (net)
                  0.12    0.00    4.18 ^ led_clock (out)
                                  4.18   data arrival time

                  0.00   15.00   15.00   clock clk_48 (rise edge)
                          0.00   15.00   clock network delay (ideal)
                         -0.25   14.75   clock uncertainty
                          0.00   14.75   clock reconvergence pessimism
                         -3.00   11.75   output external delay
                                 11.75   data required time
-----------------------------------------------------------------------------
                                 11.75   data required time
                                 -4.18   data arrival time
-----------------------------------------------------------------------------
                                  7.57   slack (MET)



===========================================================================
report_checks --slack_max -0.01
============================================================================
No paths found.
