
===========================================================================
 report_check_types -max_slew -max_cap -max_fanout -violators
============================================================================
max slew

Pin                                    Limit    Slew   Slack
------------------------------------------------------------
clock                                   1.50    2.82   -1.32 (VIOLATED)
_3192_/CLK                              1.50    2.82   -1.32 (VIOLATED)
_3193_/CLK                              1.50    2.82   -1.32 (VIOLATED)
_3194_/CLK                              1.50    2.82   -1.32 (VIOLATED)
_3195_/CLK                              1.50    2.82   -1.32 (VIOLATED)
_3196_/CLK                              1.50    2.82   -1.32 (VIOLATED)
_3197_/CLK                              1.50    2.82   -1.32 (VIOLATED)
_3198_/CLK                              1.50    2.82   -1.32 (VIOLATED)
_3199_/CLK                              1.50    2.82   -1.32 (VIOLATED)
_3200_/CLK                              1.50    2.82   -1.32 (VIOLATED)
_3201_/CLK                              1.50    2.82   -1.32 (VIOLATED)
_3202_/CLK                              1.50    2.82   -1.32 (VIOLATED)
_3203_/CLK                              1.50    2.82   -1.32 (VIOLATED)
_3204_/CLK                              1.50    2.82   -1.32 (VIOLATED)
_3205_/CLK                              1.50    2.82   -1.32 (VIOLATED)
_3206_/CLK                              1.50    2.82   -1.32 (VIOLATED)
_3207_/CLK                              1.50    2.82   -1.32 (VIOLATED)
_3208_/CLK                              1.50    2.82   -1.32 (VIOLATED)
_3209_/CLK                              1.50    2.82   -1.32 (VIOLATED)
_3210_/CLK                              1.50    2.82   -1.32 (VIOLATED)
_3211_/CLK                              1.50    2.82   -1.32 (VIOLATED)
_3212_/CLK                              1.50    2.82   -1.32 (VIOLATED)
_3213_/CLK                              1.50    2.82   -1.32 (VIOLATED)
_3214_/CLK                              1.50    2.82   -1.32 (VIOLATED)
_3215_/CLK                              1.50    2.82   -1.32 (VIOLATED)
_3216_/CLK                              1.50    2.82   -1.32 (VIOLATED)
_3217_/CLK                              1.50    2.82   -1.32 (VIOLATED)
_3218_/CLK                              1.50    2.82   -1.32 (VIOLATED)
_3219_/CLK                              1.50    2.82   -1.32 (VIOLATED)
_3220_/CLK                              1.50    2.82   -1.32 (VIOLATED)
_3221_/CLK                              1.50    2.82   -1.32 (VIOLATED)
_3222_/CLK                              1.50    2.82   -1.32 (VIOLATED)
_3223_/CLK                              1.50    2.82   -1.32 (VIOLATED)
_3256_/CLK                              1.50    2.82   -1.32 (VIOLATED)
_3257_/CLK                              1.50    2.82   -1.32 (VIOLATED)
_3258_/CLK                              1.50    2.82   -1.32 (VIOLATED)
_3259_/CLK                              1.50    2.82   -1.32 (VIOLATED)
_3260_/CLK                              1.50    2.82   -1.32 (VIOLATED)
_3261_/CLK                              1.50    2.82   -1.32 (VIOLATED)
_3262_/CLK                              1.50    2.82   -1.32 (VIOLATED)
_3263_/CLK                              1.50    2.82   -1.32 (VIOLATED)
_3264_/CLK                              1.50    2.82   -1.32 (VIOLATED)
_3265_/CLK                              1.50    2.82   -1.32 (VIOLATED)
_3266_/CLK                              1.50    2.82   -1.32 (VIOLATED)
_3267_/CLK                              1.50    2.82   -1.32 (VIOLATED)
_3268_/CLK                              1.50    2.82   -1.32 (VIOLATED)
_3269_/CLK                              1.50    2.82   -1.32 (VIOLATED)
_3270_/CLK                              1.50    2.82   -1.32 (VIOLATED)
_3271_/CLK                              1.50    2.82   -1.32 (VIOLATED)
_3272_/CLK                              1.50    2.82   -1.32 (VIOLATED)
_3273_/CLK                              1.50    2.82   -1.32 (VIOLATED)
_3274_/CLK                              1.50    2.82   -1.32 (VIOLATED)
_3275_/CLK                              1.50    2.82   -1.32 (VIOLATED)
_3276_/CLK                              1.50    2.82   -1.32 (VIOLATED)
_3277_/CLK                              1.50    2.82   -1.32 (VIOLATED)
_3278_/CLK                              1.50    2.82   -1.32 (VIOLATED)
_3279_/CLK                              1.50    2.82   -1.32 (VIOLATED)
_3280_/CLK                              1.50    2.82   -1.32 (VIOLATED)
_3281_/CLK                              1.50    2.82   -1.32 (VIOLATED)
_3282_/CLK                              1.50    2.82   -1.32 (VIOLATED)
_3283_/CLK                              1.50    2.82   -1.32 (VIOLATED)
_3284_/CLK                              1.50    2.82   -1.32 (VIOLATED)
_3285_/CLK                              1.50    2.82   -1.32 (VIOLATED)
_3286_/CLK                              1.50    2.82   -1.32 (VIOLATED)
_3287_/CLK                              1.50    2.82   -1.32 (VIOLATED)
_3288_/CLK                              1.50    2.82   -1.32 (VIOLATED)
_3289_/CLK                              1.50    2.82   -1.32 (VIOLATED)
_3290_/CLK                              1.50    2.82   -1.32 (VIOLATED)
_3291_/CLK                              1.50    2.82   -1.32 (VIOLATED)
_3292_/CLK                              1.50    2.82   -1.32 (VIOLATED)
_3293_/CLK                              1.50    2.82   -1.32 (VIOLATED)
_3294_/CLK                              1.50    2.82   -1.32 (VIOLATED)
_3295_/CLK                              1.50    2.82   -1.32 (VIOLATED)
_3296_/CLK                              1.50    2.82   -1.32 (VIOLATED)
_3297_/CLK                              1.50    2.82   -1.32 (VIOLATED)
_3298_/CLK                              1.50    2.82   -1.32 (VIOLATED)
_3299_/CLK                              1.50    2.82   -1.32 (VIOLATED)
_3300_/CLK                              1.50    2.82   -1.32 (VIOLATED)
_3301_/CLK                              1.50    2.82   -1.32 (VIOLATED)
_3302_/CLK                              1.50    2.82   -1.32 (VIOLATED)
_3303_/CLK                              1.50    2.82   -1.32 (VIOLATED)
_3304_/CLK                              1.50    2.82   -1.32 (VIOLATED)
_3305_/CLK                              1.50    2.82   -1.32 (VIOLATED)
_3306_/CLK                              1.50    2.82   -1.32 (VIOLATED)
_3307_/CLK                              1.50    2.82   -1.32 (VIOLATED)
_3308_/CLK                              1.50    2.82   -1.32 (VIOLATED)
_3309_/CLK                              1.50    2.82   -1.32 (VIOLATED)
_3310_/CLK                              1.50    2.82   -1.32 (VIOLATED)
_3311_/CLK                              1.50    2.82   -1.32 (VIOLATED)
_3312_/CLK                              1.50    2.82   -1.32 (VIOLATED)
_3313_/CLK                              1.50    2.82   -1.32 (VIOLATED)
_3314_/CLK                              1.50    2.82   -1.32 (VIOLATED)
_3315_/CLK                              1.50    2.82   -1.32 (VIOLATED)
_3316_/CLK                              1.50    2.82   -1.32 (VIOLATED)
_3317_/CLK                              1.50    2.82   -1.32 (VIOLATED)
_3318_/CLK                              1.50    2.82   -1.32 (VIOLATED)
_3319_/CLK                              1.50    2.82   -1.32 (VIOLATED)
_3320_/CLK                              1.50    2.82   -1.32 (VIOLATED)
_3321_/CLK                              1.50    2.82   -1.32 (VIOLATED)
_3322_/CLK                              1.50    2.82   -1.32 (VIOLATED)
_3323_/CLK                              1.50    2.82   -1.32 (VIOLATED)
_3324_/CLK                              1.50    2.82   -1.32 (VIOLATED)
_3325_/CLK                              1.50    2.82   -1.32 (VIOLATED)
_3326_/CLK                              1.50    2.82   -1.32 (VIOLATED)
_3327_/CLK                              1.50    2.82   -1.32 (VIOLATED)
_3328_/CLK                              1.50    2.82   -1.32 (VIOLATED)
_3329_/CLK                              1.50    2.82   -1.32 (VIOLATED)
_3330_/CLK                              1.50    2.82   -1.32 (VIOLATED)
_3331_/CLK                              1.50    2.82   -1.32 (VIOLATED)
_3332_/CLK                              1.50    2.82   -1.32 (VIOLATED)
_3333_/CLK                              1.50    2.82   -1.32 (VIOLATED)
_3334_/CLK                              1.50    2.82   -1.32 (VIOLATED)
_3335_/CLK                              1.50    2.82   -1.32 (VIOLATED)
_3336_/CLK                              1.50    2.82   -1.32 (VIOLATED)
_3337_/CLK                              1.50    2.82   -1.32 (VIOLATED)
_3338_/CLK                              1.50    2.82   -1.32 (VIOLATED)
_3339_/CLK                              1.50    2.82   -1.32 (VIOLATED)
_3340_/CLK                              1.50    2.82   -1.32 (VIOLATED)
_3341_/CLK                              1.50    2.82   -1.32 (VIOLATED)
_3342_/CLK                              1.50    2.82   -1.32 (VIOLATED)
_3343_/CLK                              1.50    2.82   -1.32 (VIOLATED)
_3344_/CLK                              1.50    2.82   -1.32 (VIOLATED)
_3345_/CLK                              1.50    2.82   -1.32 (VIOLATED)
_3346_/CLK                              1.50    2.82   -1.32 (VIOLATED)
_3347_/CLK                              1.50    2.82   -1.32 (VIOLATED)
_3348_/CLK                              1.50    2.82   -1.32 (VIOLATED)
_3349_/CLK                              1.50    2.82   -1.32 (VIOLATED)
_3350_/CLK                              1.50    2.82   -1.32 (VIOLATED)
_3351_/CLK                              1.50    2.82   -1.32 (VIOLATED)
_3352_/CLK                              1.50    2.82   -1.32 (VIOLATED)
_3353_/CLK                              1.50    2.82   -1.32 (VIOLATED)
_3354_/CLK                              1.50    2.82   -1.32 (VIOLATED)
_3355_/CLK                              1.50    2.82   -1.32 (VIOLATED)
_3356_/CLK                              1.50    2.82   -1.32 (VIOLATED)
_3357_/CLK                              1.50    2.82   -1.32 (VIOLATED)
_3358_/CLK                              1.50    2.82   -1.32 (VIOLATED)
_3359_/CLK                              1.50    2.82   -1.32 (VIOLATED)
_3360_/CLK                              1.50    2.82   -1.32 (VIOLATED)
_3361_/CLK                              1.50    2.82   -1.32 (VIOLATED)
_3362_/CLK                              1.50    2.82   -1.32 (VIOLATED)
_3363_/CLK                              1.50    2.82   -1.32 (VIOLATED)
_3364_/CLK                              1.50    2.82   -1.32 (VIOLATED)
_3365_/CLK                              1.50    2.82   -1.32 (VIOLATED)
_3366_/CLK                              1.50    2.82   -1.32 (VIOLATED)
_3367_/CLK                              1.50    2.82   -1.32 (VIOLATED)
_3368_/CLK                              1.50    2.82   -1.32 (VIOLATED)
_3369_/CLK                              1.50    2.82   -1.32 (VIOLATED)
_3370_/CLK                              1.50    2.82   -1.32 (VIOLATED)
_3371_/CLK                              1.50    2.82   -1.32 (VIOLATED)
_3372_/CLK                              1.50    2.82   -1.32 (VIOLATED)
_3373_/CLK                              1.50    2.82   -1.32 (VIOLATED)
_3374_/CLK                              1.50    2.82   -1.32 (VIOLATED)
_3375_/CLK                              1.50    2.82   -1.32 (VIOLATED)
_3376_/CLK                              1.50    2.82   -1.32 (VIOLATED)
_3377_/CLK                              1.50    2.82   -1.32 (VIOLATED)
_3378_/CLK                              1.50    2.82   -1.32 (VIOLATED)
_3379_/CLK                              1.50    2.82   -1.32 (VIOLATED)
_3380_/CLK                              1.50    2.82   -1.32 (VIOLATED)
_3381_/CLK                              1.50    2.82   -1.32 (VIOLATED)
_3382_/CLK                              1.50    2.82   -1.32 (VIOLATED)
_3383_/CLK                              1.50    2.82   -1.32 (VIOLATED)
_3384_/CLK                              1.50    2.82   -1.32 (VIOLATED)
_3385_/CLK                              1.50    2.82   -1.32 (VIOLATED)
_3386_/CLK                              1.50    2.82   -1.32 (VIOLATED)
_3387_/CLK                              1.50    2.82   -1.32 (VIOLATED)
_3388_/CLK                              1.50    2.82   -1.32 (VIOLATED)
_3389_/CLK                              1.50    2.82   -1.32 (VIOLATED)
_3390_/CLK                              1.50    2.82   -1.32 (VIOLATED)
_3391_/CLK                              1.50    2.82   -1.32 (VIOLATED)
_3392_/CLK                              1.50    2.82   -1.32 (VIOLATED)
_3393_/CLK                              1.50    2.82   -1.32 (VIOLATED)
_3394_/CLK                              1.50    2.82   -1.32 (VIOLATED)
_3395_/CLK                              1.50    2.82   -1.32 (VIOLATED)
_3396_/CLK                              1.50    2.82   -1.32 (VIOLATED)
_3397_/CLK                              1.50    2.82   -1.32 (VIOLATED)
_3398_/CLK                              1.50    2.82   -1.32 (VIOLATED)
_3399_/CLK                              1.50    2.82   -1.32 (VIOLATED)
_3400_/CLK                              1.50    2.82   -1.32 (VIOLATED)
_3401_/CLK                              1.50    2.82   -1.32 (VIOLATED)
_3402_/CLK                              1.50    2.82   -1.32 (VIOLATED)
_3403_/CLK                              1.50    2.82   -1.32 (VIOLATED)
_3404_/CLK                              1.50    2.82   -1.32 (VIOLATED)
_3405_/CLK                              1.50    2.82   -1.32 (VIOLATED)
_3406_/CLK                              1.50    2.82   -1.32 (VIOLATED)
_3407_/CLK                              1.50    2.82   -1.32 (VIOLATED)
_3408_/CLK                              1.50    2.82   -1.32 (VIOLATED)
_3409_/CLK                              1.50    2.82   -1.32 (VIOLATED)
_3410_/CLK                              1.50    2.82   -1.32 (VIOLATED)
_3411_/CLK                              1.50    2.82   -1.32 (VIOLATED)
_3412_/CLK                              1.50    2.82   -1.32 (VIOLATED)
_3413_/CLK                              1.50    2.82   -1.32 (VIOLATED)
_3414_/CLK                              1.50    2.82   -1.32 (VIOLATED)
_3415_/CLK                              1.50    2.82   -1.32 (VIOLATED)
_3416_/CLK                              1.50    2.82   -1.32 (VIOLATED)
_3417_/CLK                              1.50    2.82   -1.32 (VIOLATED)
_3418_/CLK                              1.50    2.82   -1.32 (VIOLATED)
_3419_/CLK                              1.50    2.82   -1.32 (VIOLATED)
_3420_/CLK                              1.50    2.82   -1.32 (VIOLATED)
_3421_/CLK                              1.50    2.82   -1.32 (VIOLATED)
_3422_/CLK                              1.50    2.82   -1.32 (VIOLATED)
_3423_/CLK                              1.50    2.82   -1.32 (VIOLATED)
_3424_/CLK                              1.50    2.82   -1.32 (VIOLATED)
_3425_/CLK                              1.50    2.82   -1.32 (VIOLATED)
_3426_/CLK                              1.50    2.82   -1.32 (VIOLATED)
_3427_/CLK                              1.50    2.82   -1.32 (VIOLATED)
_3428_/CLK                              1.50    2.82   -1.32 (VIOLATED)
_3429_/CLK                              1.50    2.82   -1.32 (VIOLATED)
_3430_/CLK                              1.50    2.82   -1.32 (VIOLATED)
_3431_/CLK                              1.50    2.82   -1.32 (VIOLATED)
_3432_/CLK                              1.50    2.82   -1.32 (VIOLATED)
_3433_/CLK                              1.50    2.82   -1.32 (VIOLATED)
_3434_/CLK                              1.50    2.82   -1.32 (VIOLATED)
_3435_/CLK                              1.50    2.82   -1.32 (VIOLATED)
_3436_/CLK                              1.50    2.82   -1.32 (VIOLATED)
_3437_/CLK                              1.50    2.82   -1.32 (VIOLATED)
_3438_/CLK                              1.50    2.82   -1.32 (VIOLATED)
_3439_/CLK                              1.50    2.82   -1.32 (VIOLATED)
_3440_/CLK                              1.50    2.82   -1.32 (VIOLATED)
_3441_/CLK                              1.50    2.82   -1.32 (VIOLATED)
_3442_/CLK                              1.50    2.82   -1.32 (VIOLATED)
_3443_/CLK                              1.50    2.82   -1.32 (VIOLATED)
_3444_/CLK                              1.50    2.82   -1.32 (VIOLATED)
_3445_/CLK                              1.50    2.82   -1.32 (VIOLATED)
_3446_/CLK                              1.50    2.82   -1.32 (VIOLATED)
_3447_/CLK                              1.50    2.82   -1.32 (VIOLATED)
_3448_/CLK                              1.50    2.82   -1.32 (VIOLATED)
_3449_/CLK                              1.50    2.82   -1.32 (VIOLATED)
_3450_/CLK                              1.50    2.82   -1.32 (VIOLATED)
_3451_/CLK                              1.50    2.82   -1.32 (VIOLATED)
_3452_/CLK                              1.50    2.82   -1.32 (VIOLATED)
_3453_/CLK                              1.50    2.82   -1.32 (VIOLATED)
_3454_/CLK                              1.50    2.82   -1.32 (VIOLATED)
_3455_/CLK                              1.50    2.82   -1.32 (VIOLATED)
_3456_/CLK                              1.50    2.82   -1.32 (VIOLATED)
_3457_/CLK                              1.50    2.82   -1.32 (VIOLATED)
_3458_/CLK                              1.50    2.82   -1.32 (VIOLATED)
_3459_/CLK                              1.50    2.82   -1.32 (VIOLATED)
_3460_/CLK                              1.50    2.82   -1.32 (VIOLATED)
_3461_/CLK                              1.50    2.82   -1.32 (VIOLATED)
_3462_/CLK                              1.50    2.82   -1.32 (VIOLATED)
_3463_/CLK                              1.50    2.82   -1.32 (VIOLATED)
_3464_/CLK                              1.50    2.82   -1.32 (VIOLATED)
_3465_/CLK                              1.50    2.82   -1.32 (VIOLATED)
_3466_/CLK                              1.50    2.82   -1.32 (VIOLATED)
_3467_/CLK                              1.50    2.82   -1.32 (VIOLATED)
_3468_/CLK                              1.50    2.82   -1.32 (VIOLATED)
_3469_/CLK                              1.50    2.82   -1.32 (VIOLATED)
_3470_/CLK                              1.50    2.82   -1.32 (VIOLATED)
_3471_/CLK                              1.50    2.82   -1.32 (VIOLATED)
_3472_/CLK                              1.50    2.82   -1.32 (VIOLATED)
_3473_/CLK                              1.50    2.82   -1.32 (VIOLATED)
_3474_/CLK                              1.50    2.82   -1.32 (VIOLATED)
_3475_/CLK                              1.50    2.82   -1.32 (VIOLATED)
_3476_/CLK                              1.50    2.82   -1.32 (VIOLATED)
_3477_/CLK                              1.50    2.82   -1.32 (VIOLATED)
_3478_/CLK                              1.50    2.82   -1.32 (VIOLATED)
_3479_/CLK                              1.50    2.82   -1.32 (VIOLATED)
_3480_/CLK                              1.50    2.82   -1.32 (VIOLATED)
_3481_/CLK                              1.50    2.82   -1.32 (VIOLATED)
_3482_/CLK                              1.50    2.82   -1.32 (VIOLATED)
_3483_/CLK                              1.50    2.82   -1.32 (VIOLATED)
_3484_/CLK                              1.50    2.82   -1.32 (VIOLATED)
_3485_/CLK                              1.50    2.82   -1.32 (VIOLATED)
_3486_/CLK                              1.50    2.82   -1.32 (VIOLATED)
_3487_/CLK                              1.50    2.82   -1.32 (VIOLATED)
_3488_/CLK                              1.50    2.82   -1.32 (VIOLATED)
_3489_/CLK                              1.50    2.82   -1.32 (VIOLATED)
_3490_/CLK                              1.50    2.82   -1.32 (VIOLATED)
_3491_/CLK                              1.50    2.82   -1.32 (VIOLATED)
_3492_/CLK                              1.50    2.82   -1.32 (VIOLATED)
_3493_/CLK                              1.50    2.82   -1.32 (VIOLATED)
_3494_/CLK                              1.50    2.82   -1.32 (VIOLATED)
_3495_/CLK                              1.50    2.82   -1.32 (VIOLATED)
_3496_/CLK                              1.50    2.82   -1.32 (VIOLATED)
_3497_/CLK                              1.50    2.82   -1.32 (VIOLATED)
_3498_/CLK                              1.50    2.82   -1.32 (VIOLATED)
_3499_/CLK                              1.50    2.82   -1.32 (VIOLATED)
_3500_/CLK                              1.50    2.82   -1.32 (VIOLATED)
_3501_/CLK                              1.50    2.82   -1.32 (VIOLATED)
_3502_/CLK                              1.50    2.82   -1.32 (VIOLATED)
_3503_/CLK                              1.50    2.82   -1.32 (VIOLATED)
_3504_/CLK                              1.50    2.82   -1.32 (VIOLATED)
_3505_/CLK                              1.50    2.82   -1.32 (VIOLATED)
_3506_/CLK                              1.50    2.82   -1.32 (VIOLATED)
_3507_/CLK                              1.50    2.82   -1.32 (VIOLATED)
_3508_/CLK                              1.50    2.82   -1.32 (VIOLATED)
_3509_/CLK                              1.50    2.82   -1.32 (VIOLATED)
_3510_/CLK                              1.50    2.82   -1.32 (VIOLATED)
_3511_/CLK                              1.50    2.82   -1.32 (VIOLATED)
_3512_/CLK                              1.50    2.82   -1.32 (VIOLATED)
_3513_/CLK                              1.50    2.82   -1.32 (VIOLATED)
_3514_/CLK                              1.50    2.82   -1.32 (VIOLATED)
_3515_/CLK                              1.50    2.82   -1.32 (VIOLATED)
_3516_/CLK                              1.50    2.82   -1.32 (VIOLATED)
_3517_/CLK                              1.50    2.82   -1.32 (VIOLATED)
_3518_/CLK                              1.50    2.82   -1.32 (VIOLATED)
_3519_/CLK                              1.50    2.82   -1.32 (VIOLATED)
_3520_/CLK                              1.50    2.82   -1.32 (VIOLATED)
_3521_/CLK                              1.50    2.82   -1.32 (VIOLATED)
_3522_/CLK                              1.50    2.82   -1.32 (VIOLATED)
_3523_/CLK                              1.50    2.82   -1.32 (VIOLATED)
_3524_/CLK                              1.50    2.82   -1.32 (VIOLATED)
_3525_/CLK                              1.50    2.82   -1.32 (VIOLATED)
_3526_/CLK                              1.50    2.82   -1.32 (VIOLATED)
_3527_/CLK                              1.50    2.82   -1.32 (VIOLATED)
_3528_/CLK                              1.50    2.82   -1.32 (VIOLATED)
_3529_/CLK                              1.50    2.82   -1.32 (VIOLATED)
_3530_/CLK                              1.50    2.82   -1.32 (VIOLATED)
_3531_/CLK                              1.50    2.82   -1.32 (VIOLATED)
_3532_/CLK                              1.50    2.82   -1.32 (VIOLATED)
_3533_/CLK                              1.50    2.82   -1.32 (VIOLATED)
_3534_/CLK                              1.50    2.82   -1.32 (VIOLATED)
_3535_/CLK                              1.50    2.82   -1.32 (VIOLATED)
_3536_/CLK                              1.50    2.82   -1.32 (VIOLATED)
_3537_/CLK                              1.50    2.82   -1.32 (VIOLATED)
_3538_/CLK                              1.50    2.82   -1.32 (VIOLATED)
_3539_/CLK                              1.50    2.82   -1.32 (VIOLATED)
_3540_/CLK                              1.50    2.82   -1.32 (VIOLATED)
_3541_/CLK                              1.50    2.82   -1.32 (VIOLATED)
_3542_/CLK                              1.50    2.82   -1.32 (VIOLATED)
_3543_/CLK                              1.50    2.82   -1.32 (VIOLATED)
_3544_/CLK                              1.50    2.82   -1.32 (VIOLATED)
_3545_/CLK                              1.50    2.82   -1.32 (VIOLATED)
_3546_/CLK                              1.50    2.82   -1.32 (VIOLATED)
_3547_/CLK                              1.50    2.82   -1.32 (VIOLATED)
_3548_/CLK                              1.50    2.82   -1.32 (VIOLATED)
_3549_/CLK                              1.50    2.82   -1.32 (VIOLATED)
_3550_/CLK                              1.50    2.82   -1.32 (VIOLATED)
_3551_/CLK                              1.50    2.82   -1.32 (VIOLATED)
_3552_/CLK                              1.50    2.82   -1.32 (VIOLATED)
_3553_/CLK                              1.50    2.82   -1.32 (VIOLATED)
_3554_/CLK                              1.50    2.82   -1.32 (VIOLATED)
_3555_/CLK                              1.50    2.82   -1.32 (VIOLATED)
_3556_/CLK                              1.50    2.82   -1.32 (VIOLATED)
_3557_/CLK                              1.50    2.82   -1.32 (VIOLATED)
_3558_/A                                1.50    2.82   -1.32 (VIOLATED)

max fanout

Pin                                   Limit Fanout  Slack
---------------------------------------------------------
clock                                     6    335   -329 (VIOLATED)
_3523_/Q                                  6     17    -11 (VIOLATED)
_3524_/Q                                  6     17    -11 (VIOLATED)

max capacitance

Pin                                    Limit     Cap   Slack
------------------------------------------------------------
clock                                   0.33    0.63   -0.30 (VIOLATED)


===========================================================================
max slew violation count 336
max fanout violation count 3
max cap violation count 1
============================================================================
