
===========================================================================
 report_check_types -max_slew -max_cap -max_fanout -violators
============================================================================
max slew

Pin                                    Limit    Slew   Slack
------------------------------------------------------------
clock                                   1.50    2.88   -1.39 (VIOLATED)
_3328_/CLK                              1.50    2.88   -1.38 (VIOLATED)
_3329_/CLK                              1.50    2.88   -1.38 (VIOLATED)
_3330_/CLK                              1.50    2.88   -1.38 (VIOLATED)
_3331_/CLK                              1.50    2.88   -1.38 (VIOLATED)
_3332_/CLK                              1.50    2.88   -1.38 (VIOLATED)
_3333_/CLK                              1.50    2.88   -1.38 (VIOLATED)
_3334_/CLK                              1.50    2.88   -1.38 (VIOLATED)
_3335_/CLK                              1.50    2.88   -1.38 (VIOLATED)
_3336_/CLK                              1.50    2.88   -1.38 (VIOLATED)
_3337_/CLK                              1.50    2.88   -1.38 (VIOLATED)
_3338_/CLK                              1.50    2.88   -1.38 (VIOLATED)
_3339_/CLK                              1.50    2.88   -1.38 (VIOLATED)
_3340_/CLK                              1.50    2.88   -1.38 (VIOLATED)
_3341_/CLK                              1.50    2.88   -1.38 (VIOLATED)
_3342_/CLK                              1.50    2.88   -1.38 (VIOLATED)
_3343_/CLK                              1.50    2.88   -1.38 (VIOLATED)
_3376_/CLK                              1.50    2.88   -1.38 (VIOLATED)
_3377_/CLK                              1.50    2.88   -1.38 (VIOLATED)
_3378_/CLK                              1.50    2.88   -1.38 (VIOLATED)
_3379_/CLK                              1.50    2.88   -1.38 (VIOLATED)
_3380_/CLK                              1.50    2.88   -1.38 (VIOLATED)
_3381_/CLK                              1.50    2.88   -1.38 (VIOLATED)
_3382_/CLK                              1.50    2.88   -1.38 (VIOLATED)
_3383_/CLK                              1.50    2.88   -1.38 (VIOLATED)
_3384_/CLK                              1.50    2.88   -1.38 (VIOLATED)
_3385_/CLK                              1.50    2.88   -1.38 (VIOLATED)
_3386_/CLK                              1.50    2.88   -1.38 (VIOLATED)
_3387_/CLK                              1.50    2.88   -1.38 (VIOLATED)
_3388_/CLK                              1.50    2.88   -1.38 (VIOLATED)
_3389_/CLK                              1.50    2.88   -1.38 (VIOLATED)
_3390_/CLK                              1.50    2.88   -1.38 (VIOLATED)
_3391_/CLK                              1.50    2.88   -1.38 (VIOLATED)
_3392_/CLK                              1.50    2.88   -1.38 (VIOLATED)
_3393_/CLK                              1.50    2.88   -1.38 (VIOLATED)
_3394_/CLK                              1.50    2.88   -1.38 (VIOLATED)
_3395_/CLK                              1.50    2.88   -1.38 (VIOLATED)
_3396_/CLK                              1.50    2.88   -1.38 (VIOLATED)
_3397_/CLK                              1.50    2.88   -1.38 (VIOLATED)
_3398_/CLK                              1.50    2.88   -1.38 (VIOLATED)
_3399_/CLK                              1.50    2.88   -1.38 (VIOLATED)
_3400_/CLK                              1.50    2.88   -1.38 (VIOLATED)
_3401_/CLK                              1.50    2.88   -1.38 (VIOLATED)
_3402_/CLK                              1.50    2.88   -1.38 (VIOLATED)
_3403_/CLK                              1.50    2.88   -1.38 (VIOLATED)
_3404_/CLK                              1.50    2.88   -1.38 (VIOLATED)
_3405_/CLK                              1.50    2.88   -1.38 (VIOLATED)
_3406_/CLK                              1.50    2.88   -1.38 (VIOLATED)
_3407_/CLK                              1.50    2.88   -1.38 (VIOLATED)
_3408_/CLK                              1.50    2.88   -1.38 (VIOLATED)
_3409_/CLK                              1.50    2.88   -1.38 (VIOLATED)
_3410_/CLK                              1.50    2.88   -1.38 (VIOLATED)
_3411_/CLK                              1.50    2.88   -1.38 (VIOLATED)
_3412_/CLK                              1.50    2.88   -1.38 (VIOLATED)
_3413_/CLK                              1.50    2.88   -1.38 (VIOLATED)
_3414_/CLK                              1.50    2.88   -1.38 (VIOLATED)
_3415_/CLK                              1.50    2.88   -1.38 (VIOLATED)
_3416_/CLK                              1.50    2.88   -1.38 (VIOLATED)
_3417_/CLK                              1.50    2.88   -1.38 (VIOLATED)
_3418_/CLK                              1.50    2.88   -1.38 (VIOLATED)
_3419_/CLK                              1.50    2.88   -1.38 (VIOLATED)
_3420_/CLK                              1.50    2.88   -1.38 (VIOLATED)
_3421_/CLK                              1.50    2.88   -1.38 (VIOLATED)
_3422_/CLK                              1.50    2.88   -1.38 (VIOLATED)
_3423_/CLK                              1.50    2.88   -1.38 (VIOLATED)
_3424_/CLK                              1.50    2.88   -1.38 (VIOLATED)
_3425_/CLK                              1.50    2.88   -1.38 (VIOLATED)
_3426_/CLK                              1.50    2.88   -1.38 (VIOLATED)
_3427_/CLK                              1.50    2.88   -1.38 (VIOLATED)
_3428_/CLK                              1.50    2.88   -1.38 (VIOLATED)
_3429_/CLK                              1.50    2.88   -1.38 (VIOLATED)
_3430_/CLK                              1.50    2.88   -1.38 (VIOLATED)
_3431_/CLK                              1.50    2.88   -1.38 (VIOLATED)
_3432_/CLK                              1.50    2.88   -1.38 (VIOLATED)
_3433_/CLK                              1.50    2.88   -1.38 (VIOLATED)
_3434_/CLK                              1.50    2.88   -1.38 (VIOLATED)
_3435_/CLK                              1.50    2.88   -1.38 (VIOLATED)
_3436_/CLK                              1.50    2.88   -1.38 (VIOLATED)
_3437_/CLK                              1.50    2.88   -1.38 (VIOLATED)
_3438_/CLK                              1.50    2.88   -1.38 (VIOLATED)
_3439_/CLK                              1.50    2.88   -1.38 (VIOLATED)
_3440_/CLK                              1.50    2.88   -1.38 (VIOLATED)
_3441_/CLK                              1.50    2.88   -1.38 (VIOLATED)
_3442_/CLK                              1.50    2.88   -1.38 (VIOLATED)
_3443_/CLK                              1.50    2.88   -1.38 (VIOLATED)
_3444_/CLK                              1.50    2.88   -1.38 (VIOLATED)
_3445_/CLK                              1.50    2.88   -1.38 (VIOLATED)
_3446_/CLK                              1.50    2.88   -1.38 (VIOLATED)
_3447_/CLK                              1.50    2.88   -1.38 (VIOLATED)
_3448_/CLK                              1.50    2.88   -1.38 (VIOLATED)
_3449_/CLK                              1.50    2.88   -1.38 (VIOLATED)
_3450_/CLK                              1.50    2.88   -1.38 (VIOLATED)
_3451_/CLK                              1.50    2.88   -1.38 (VIOLATED)
_3452_/CLK                              1.50    2.88   -1.38 (VIOLATED)
_3453_/CLK                              1.50    2.88   -1.38 (VIOLATED)
_3454_/CLK                              1.50    2.88   -1.38 (VIOLATED)
_3455_/CLK                              1.50    2.88   -1.38 (VIOLATED)
_3456_/CLK                              1.50    2.88   -1.38 (VIOLATED)
_3457_/CLK                              1.50    2.88   -1.38 (VIOLATED)
_3458_/CLK                              1.50    2.88   -1.38 (VIOLATED)
_3459_/CLK                              1.50    2.88   -1.38 (VIOLATED)
_3460_/CLK                              1.50    2.88   -1.38 (VIOLATED)
_3461_/CLK                              1.50    2.88   -1.38 (VIOLATED)
_3462_/CLK                              1.50    2.88   -1.38 (VIOLATED)
_3463_/CLK                              1.50    2.88   -1.38 (VIOLATED)
_3464_/CLK                              1.50    2.88   -1.38 (VIOLATED)
_3465_/CLK                              1.50    2.88   -1.38 (VIOLATED)
_3466_/CLK                              1.50    2.88   -1.38 (VIOLATED)
_3467_/CLK                              1.50    2.88   -1.38 (VIOLATED)
_3468_/CLK                              1.50    2.88   -1.38 (VIOLATED)
_3469_/CLK                              1.50    2.88   -1.38 (VIOLATED)
_3470_/CLK                              1.50    2.88   -1.38 (VIOLATED)
_3471_/CLK                              1.50    2.88   -1.38 (VIOLATED)
_3472_/CLK                              1.50    2.88   -1.38 (VIOLATED)
_3473_/CLK                              1.50    2.88   -1.38 (VIOLATED)
_3474_/CLK                              1.50    2.88   -1.38 (VIOLATED)
_3475_/CLK                              1.50    2.88   -1.38 (VIOLATED)
_3476_/CLK                              1.50    2.88   -1.38 (VIOLATED)
_3477_/CLK                              1.50    2.88   -1.38 (VIOLATED)
_3478_/CLK                              1.50    2.88   -1.38 (VIOLATED)
_3479_/CLK                              1.50    2.88   -1.38 (VIOLATED)
_3480_/CLK                              1.50    2.88   -1.38 (VIOLATED)
_3481_/CLK                              1.50    2.88   -1.38 (VIOLATED)
_3482_/CLK                              1.50    2.88   -1.38 (VIOLATED)
_3483_/CLK                              1.50    2.88   -1.38 (VIOLATED)
_3484_/CLK                              1.50    2.88   -1.38 (VIOLATED)
_3485_/CLK                              1.50    2.88   -1.38 (VIOLATED)
_3486_/CLK                              1.50    2.88   -1.38 (VIOLATED)
_3487_/CLK                              1.50    2.88   -1.38 (VIOLATED)
_3488_/CLK                              1.50    2.88   -1.38 (VIOLATED)
_3489_/CLK                              1.50    2.88   -1.38 (VIOLATED)
_3490_/CLK                              1.50    2.88   -1.38 (VIOLATED)
_3491_/CLK                              1.50    2.88   -1.38 (VIOLATED)
_3492_/CLK                              1.50    2.88   -1.38 (VIOLATED)
_3493_/CLK                              1.50    2.88   -1.38 (VIOLATED)
_3494_/CLK                              1.50    2.88   -1.38 (VIOLATED)
_3495_/CLK                              1.50    2.88   -1.38 (VIOLATED)
_3496_/CLK                              1.50    2.88   -1.38 (VIOLATED)
_3497_/CLK                              1.50    2.88   -1.38 (VIOLATED)
_3498_/CLK                              1.50    2.88   -1.38 (VIOLATED)
_3499_/CLK                              1.50    2.88   -1.38 (VIOLATED)
_3500_/CLK                              1.50    2.88   -1.38 (VIOLATED)
_3501_/CLK                              1.50    2.88   -1.38 (VIOLATED)
_3502_/CLK                              1.50    2.88   -1.38 (VIOLATED)
_3503_/CLK                              1.50    2.88   -1.38 (VIOLATED)
_3504_/CLK                              1.50    2.88   -1.38 (VIOLATED)
_3505_/CLK                              1.50    2.88   -1.38 (VIOLATED)
_3506_/CLK                              1.50    2.88   -1.38 (VIOLATED)
_3507_/CLK                              1.50    2.88   -1.38 (VIOLATED)
_3508_/CLK                              1.50    2.88   -1.38 (VIOLATED)
_3509_/CLK                              1.50    2.88   -1.38 (VIOLATED)
_3510_/CLK                              1.50    2.88   -1.38 (VIOLATED)
_3511_/CLK                              1.50    2.88   -1.38 (VIOLATED)
_3512_/CLK                              1.50    2.88   -1.38 (VIOLATED)
_3513_/CLK                              1.50    2.88   -1.38 (VIOLATED)
_3514_/CLK                              1.50    2.88   -1.38 (VIOLATED)
_3515_/CLK                              1.50    2.88   -1.38 (VIOLATED)
_3516_/CLK                              1.50    2.88   -1.38 (VIOLATED)
_3517_/CLK                              1.50    2.88   -1.38 (VIOLATED)
_3518_/CLK                              1.50    2.88   -1.38 (VIOLATED)
_3519_/CLK                              1.50    2.88   -1.38 (VIOLATED)
_3520_/CLK                              1.50    2.88   -1.38 (VIOLATED)
_3521_/CLK                              1.50    2.88   -1.38 (VIOLATED)
_3522_/CLK                              1.50    2.88   -1.38 (VIOLATED)
_3523_/CLK                              1.50    2.88   -1.38 (VIOLATED)
_3524_/CLK                              1.50    2.88   -1.38 (VIOLATED)
_3525_/CLK                              1.50    2.88   -1.38 (VIOLATED)
_3526_/CLK                              1.50    2.88   -1.38 (VIOLATED)
_3527_/CLK                              1.50    2.88   -1.38 (VIOLATED)
_3528_/CLK                              1.50    2.88   -1.38 (VIOLATED)
_3529_/CLK                              1.50    2.88   -1.38 (VIOLATED)
_3530_/CLK                              1.50    2.88   -1.38 (VIOLATED)
_3531_/CLK                              1.50    2.88   -1.38 (VIOLATED)
_3532_/CLK                              1.50    2.88   -1.38 (VIOLATED)
_3533_/CLK                              1.50    2.88   -1.38 (VIOLATED)
_3534_/CLK                              1.50    2.88   -1.38 (VIOLATED)
_3535_/CLK                              1.50    2.88   -1.38 (VIOLATED)
_3536_/CLK                              1.50    2.88   -1.38 (VIOLATED)
_3537_/CLK                              1.50    2.88   -1.38 (VIOLATED)
_3538_/CLK                              1.50    2.88   -1.38 (VIOLATED)
_3539_/CLK                              1.50    2.88   -1.38 (VIOLATED)
_3540_/CLK                              1.50    2.88   -1.38 (VIOLATED)
_3541_/CLK                              1.50    2.88   -1.38 (VIOLATED)
_3542_/CLK                              1.50    2.88   -1.38 (VIOLATED)
_3543_/CLK                              1.50    2.88   -1.38 (VIOLATED)
_3544_/CLK                              1.50    2.88   -1.38 (VIOLATED)
_3545_/CLK                              1.50    2.88   -1.38 (VIOLATED)
_3546_/CLK                              1.50    2.88   -1.38 (VIOLATED)
_3547_/CLK                              1.50    2.88   -1.38 (VIOLATED)
_3548_/CLK                              1.50    2.88   -1.38 (VIOLATED)
_3549_/CLK                              1.50    2.88   -1.38 (VIOLATED)
_3550_/CLK                              1.50    2.88   -1.38 (VIOLATED)
_3551_/CLK                              1.50    2.88   -1.38 (VIOLATED)
_3552_/CLK                              1.50    2.88   -1.38 (VIOLATED)
_3553_/CLK                              1.50    2.88   -1.38 (VIOLATED)
_3554_/CLK                              1.50    2.88   -1.38 (VIOLATED)
_3555_/CLK                              1.50    2.88   -1.38 (VIOLATED)
_3556_/CLK                              1.50    2.88   -1.38 (VIOLATED)
_3557_/CLK                              1.50    2.88   -1.38 (VIOLATED)
_3558_/CLK                              1.50    2.88   -1.38 (VIOLATED)
_3559_/CLK                              1.50    2.88   -1.38 (VIOLATED)
_3560_/CLK                              1.50    2.88   -1.38 (VIOLATED)
_3561_/CLK                              1.50    2.88   -1.38 (VIOLATED)
_3562_/CLK                              1.50    2.88   -1.38 (VIOLATED)
_3563_/CLK                              1.50    2.88   -1.38 (VIOLATED)
_3564_/CLK                              1.50    2.88   -1.38 (VIOLATED)
_3565_/CLK                              1.50    2.88   -1.38 (VIOLATED)
_3566_/CLK                              1.50    2.88   -1.38 (VIOLATED)
_3567_/CLK                              1.50    2.88   -1.38 (VIOLATED)
_3568_/CLK                              1.50    2.88   -1.38 (VIOLATED)
_3569_/CLK                              1.50    2.88   -1.38 (VIOLATED)
_3570_/CLK                              1.50    2.88   -1.38 (VIOLATED)
_3571_/CLK                              1.50    2.88   -1.38 (VIOLATED)
_3572_/CLK                              1.50    2.88   -1.38 (VIOLATED)
_3573_/CLK                              1.50    2.88   -1.38 (VIOLATED)
_3574_/CLK                              1.50    2.88   -1.38 (VIOLATED)
_3575_/CLK                              1.50    2.88   -1.38 (VIOLATED)
_3576_/CLK                              1.50    2.88   -1.38 (VIOLATED)
_3577_/CLK                              1.50    2.88   -1.38 (VIOLATED)
_3578_/CLK                              1.50    2.88   -1.38 (VIOLATED)
_3579_/CLK                              1.50    2.88   -1.38 (VIOLATED)
_3580_/CLK                              1.50    2.88   -1.38 (VIOLATED)
_3581_/CLK                              1.50    2.88   -1.38 (VIOLATED)
_3582_/CLK                              1.50    2.88   -1.38 (VIOLATED)
_3583_/CLK                              1.50    2.88   -1.38 (VIOLATED)
_3584_/CLK                              1.50    2.88   -1.38 (VIOLATED)
_3585_/CLK                              1.50    2.88   -1.38 (VIOLATED)
_3586_/CLK                              1.50    2.88   -1.38 (VIOLATED)
_3587_/CLK                              1.50    2.88   -1.38 (VIOLATED)
_3588_/CLK                              1.50    2.88   -1.38 (VIOLATED)
_3589_/CLK                              1.50    2.88   -1.38 (VIOLATED)
_3590_/CLK                              1.50    2.88   -1.38 (VIOLATED)
_3591_/CLK                              1.50    2.88   -1.38 (VIOLATED)
_3592_/CLK                              1.50    2.88   -1.38 (VIOLATED)
_3593_/CLK                              1.50    2.88   -1.38 (VIOLATED)
_3594_/CLK                              1.50    2.88   -1.38 (VIOLATED)
_3595_/CLK                              1.50    2.88   -1.38 (VIOLATED)
_3596_/CLK                              1.50    2.88   -1.38 (VIOLATED)
_3597_/CLK                              1.50    2.88   -1.38 (VIOLATED)
_3598_/CLK                              1.50    2.88   -1.38 (VIOLATED)
_3599_/CLK                              1.50    2.88   -1.38 (VIOLATED)
_3600_/CLK                              1.50    2.88   -1.38 (VIOLATED)
_3601_/CLK                              1.50    2.88   -1.38 (VIOLATED)
_3602_/CLK                              1.50    2.88   -1.38 (VIOLATED)
_3603_/CLK                              1.50    2.88   -1.38 (VIOLATED)
_3604_/CLK                              1.50    2.88   -1.38 (VIOLATED)
_3605_/CLK                              1.50    2.88   -1.38 (VIOLATED)
_3606_/CLK                              1.50    2.88   -1.38 (VIOLATED)
_3607_/CLK                              1.50    2.88   -1.38 (VIOLATED)
_3608_/CLK                              1.50    2.88   -1.38 (VIOLATED)
_3609_/CLK                              1.50    2.88   -1.38 (VIOLATED)
_3610_/CLK                              1.50    2.88   -1.38 (VIOLATED)
_3611_/CLK                              1.50    2.88   -1.38 (VIOLATED)
_3612_/CLK                              1.50    2.88   -1.38 (VIOLATED)
_3613_/CLK                              1.50    2.88   -1.38 (VIOLATED)
_3614_/CLK                              1.50    2.88   -1.38 (VIOLATED)
_3615_/CLK                              1.50    2.88   -1.38 (VIOLATED)
_3616_/CLK                              1.50    2.88   -1.38 (VIOLATED)
_3617_/CLK                              1.50    2.88   -1.38 (VIOLATED)
_3618_/CLK                              1.50    2.88   -1.38 (VIOLATED)
_3619_/CLK                              1.50    2.88   -1.38 (VIOLATED)
_3620_/CLK                              1.50    2.88   -1.38 (VIOLATED)
_3621_/CLK                              1.50    2.88   -1.38 (VIOLATED)
_3622_/CLK                              1.50    2.88   -1.38 (VIOLATED)
_3623_/CLK                              1.50    2.88   -1.38 (VIOLATED)
_3624_/CLK                              1.50    2.88   -1.38 (VIOLATED)
_3625_/CLK                              1.50    2.88   -1.38 (VIOLATED)
_3626_/CLK                              1.50    2.88   -1.38 (VIOLATED)
_3627_/CLK                              1.50    2.88   -1.38 (VIOLATED)
_3628_/CLK                              1.50    2.88   -1.38 (VIOLATED)
_3629_/CLK                              1.50    2.88   -1.38 (VIOLATED)
_3630_/CLK                              1.50    2.88   -1.38 (VIOLATED)
_3631_/CLK                              1.50    2.88   -1.38 (VIOLATED)
_3632_/CLK                              1.50    2.88   -1.38 (VIOLATED)
_3633_/CLK                              1.50    2.88   -1.38 (VIOLATED)
_3634_/CLK                              1.50    2.88   -1.38 (VIOLATED)
_3635_/CLK                              1.50    2.88   -1.38 (VIOLATED)
_3636_/CLK                              1.50    2.88   -1.38 (VIOLATED)
_3637_/CLK                              1.50    2.88   -1.38 (VIOLATED)
_3638_/CLK                              1.50    2.88   -1.38 (VIOLATED)
_3639_/CLK                              1.50    2.88   -1.38 (VIOLATED)
_3640_/CLK                              1.50    2.88   -1.38 (VIOLATED)
_3641_/CLK                              1.50    2.88   -1.38 (VIOLATED)
_3642_/CLK                              1.50    2.88   -1.38 (VIOLATED)
_3643_/CLK                              1.50    2.88   -1.38 (VIOLATED)
_3644_/CLK                              1.50    2.88   -1.38 (VIOLATED)
_3645_/CLK                              1.50    2.88   -1.38 (VIOLATED)
_3646_/CLK                              1.50    2.88   -1.38 (VIOLATED)
_3647_/CLK                              1.50    2.88   -1.38 (VIOLATED)
_3648_/CLK                              1.50    2.88   -1.38 (VIOLATED)
_3649_/CLK                              1.50    2.88   -1.38 (VIOLATED)
_3650_/CLK                              1.50    2.88   -1.38 (VIOLATED)
_3651_/CLK                              1.50    2.88   -1.38 (VIOLATED)
_3652_/CLK                              1.50    2.88   -1.38 (VIOLATED)
_3653_/CLK                              1.50    2.88   -1.38 (VIOLATED)
_3654_/CLK                              1.50    2.88   -1.38 (VIOLATED)
_3655_/CLK                              1.50    2.88   -1.38 (VIOLATED)
_3656_/CLK                              1.50    2.88   -1.38 (VIOLATED)
_3657_/CLK                              1.50    2.88   -1.38 (VIOLATED)
_3658_/CLK                              1.50    2.88   -1.38 (VIOLATED)
_3659_/CLK                              1.50    2.88   -1.38 (VIOLATED)
_3660_/CLK                              1.50    2.88   -1.38 (VIOLATED)
_3661_/CLK                              1.50    2.88   -1.38 (VIOLATED)
_3662_/CLK                              1.50    2.88   -1.38 (VIOLATED)
_3663_/CLK                              1.50    2.88   -1.38 (VIOLATED)
_3664_/CLK                              1.50    2.88   -1.38 (VIOLATED)
_3665_/CLK                              1.50    2.88   -1.38 (VIOLATED)
_3666_/CLK                              1.50    2.88   -1.38 (VIOLATED)
_3667_/CLK                              1.50    2.88   -1.38 (VIOLATED)
_3668_/CLK                              1.50    2.88   -1.38 (VIOLATED)
_3669_/CLK                              1.50    2.88   -1.38 (VIOLATED)
_3670_/CLK                              1.50    2.88   -1.38 (VIOLATED)
_3671_/CLK                              1.50    2.88   -1.38 (VIOLATED)
_3672_/CLK                              1.50    2.88   -1.38 (VIOLATED)
_3673_/CLK                              1.50    2.88   -1.38 (VIOLATED)
_3674_/CLK                              1.50    2.88   -1.38 (VIOLATED)
_3675_/CLK                              1.50    2.88   -1.38 (VIOLATED)
_3676_/CLK                              1.50    2.88   -1.38 (VIOLATED)
_3677_/CLK                              1.50    2.88   -1.38 (VIOLATED)
_3678_/CLK                              1.50    2.88   -1.38 (VIOLATED)
_3679_/CLK                              1.50    2.88   -1.38 (VIOLATED)
_3680_/CLK                              1.50    2.88   -1.38 (VIOLATED)
_3681_/CLK                              1.50    2.88   -1.38 (VIOLATED)
_3682_/CLK                              1.50    2.88   -1.38 (VIOLATED)
_3683_/CLK                              1.50    2.88   -1.38 (VIOLATED)
_3684_/CLK                              1.50    2.88   -1.38 (VIOLATED)
_3685_/CLK                              1.50    2.88   -1.38 (VIOLATED)
_3686_/CLK                              1.50    2.88   -1.38 (VIOLATED)
_3687_/CLK                              1.50    2.88   -1.38 (VIOLATED)
_3688_/CLK                              1.50    2.88   -1.38 (VIOLATED)
_3689_/CLK                              1.50    2.88   -1.38 (VIOLATED)
_3690_/CLK                              1.50    2.88   -1.38 (VIOLATED)
_3691_/CLK                              1.50    2.88   -1.38 (VIOLATED)
_3692_/CLK                              1.50    2.88   -1.38 (VIOLATED)
_3693_/CLK                              1.50    2.88   -1.38 (VIOLATED)
_3694_/CLK                              1.50    2.88   -1.38 (VIOLATED)
_3695_/CLK                              1.50    2.88   -1.38 (VIOLATED)
_3696_/CLK                              1.50    2.88   -1.38 (VIOLATED)
_3697_/CLK                              1.50    2.88   -1.38 (VIOLATED)
_3698_/CLK                              1.50    2.88   -1.38 (VIOLATED)
_3699_/CLK                              1.50    2.88   -1.38 (VIOLATED)
_3700_/CLK                              1.50    2.88   -1.38 (VIOLATED)
_3701_/CLK                              1.50    2.88   -1.38 (VIOLATED)
_3702_/A                                1.50    2.88   -1.38 (VIOLATED)

max fanout

Pin                                   Limit Fanout  Slack
---------------------------------------------------------
clock                                     6    343   -337 (VIOLATED)
_3659_/Q                                  6     17    -11 (VIOLATED)
_3660_/Q                                  6     17    -11 (VIOLATED)

max capacitance

Pin                                    Limit     Cap   Slack
------------------------------------------------------------
clock                                   0.33    0.64   -0.31 (VIOLATED)


===========================================================================
max slew violation count 344
max fanout violation count 3
max cap violation count 1
============================================================================
