------------------------------------------------------------
TimeQuest Timing Analyzer Summary
------------------------------------------------------------

Type  : Slow 1200mV 85C Model Setup 'clock'
Slack : -2.805
TNS   : -38.036

Type  : Slow 1200mV 85C Model Setup 'div_freq:div_freq_0|sig_clk_in'
Slack : -2.264
TNS   : -16.254

Type  : Slow 1200mV 85C Model Setup 'uc:uc_0|bc:bc_0|I_rd'
Slack : -2.236
TNS   : -12.267

Type  : Slow 1200mV 85C Model Hold 'div_freq:div_freq_0|sig_clk_in'
Slack : -0.315
TNS   : -0.688

Type  : Slow 1200mV 85C Model Hold 'clock'
Slack : -0.092
TNS   : -0.092

Type  : Slow 1200mV 85C Model Hold 'uc:uc_0|bc:bc_0|I_rd'
Slack : 1.609
TNS   : 0.000

Type  : Slow 1200mV 85C Model Minimum Pulse Width 'clock'
Slack : -3.000
TNS   : -29.000

Type  : Slow 1200mV 85C Model Minimum Pulse Width 'div_freq:div_freq_0|sig_clk_in'
Slack : -1.000
TNS   : -22.000

Type  : Slow 1200mV 85C Model Minimum Pulse Width 'uc:uc_0|bc:bc_0|I_rd'
Slack : 0.420
TNS   : 0.000

Type  : Slow 1200mV 0C Model Setup 'clock'
Slack : -2.418
TNS   : -30.886

Type  : Slow 1200mV 0C Model Setup 'uc:uc_0|bc:bc_0|I_rd'
Slack : -1.988
TNS   : -10.891

Type  : Slow 1200mV 0C Model Setup 'div_freq:div_freq_0|sig_clk_in'
Slack : -1.919
TNS   : -12.407

Type  : Slow 1200mV 0C Model Hold 'div_freq:div_freq_0|sig_clk_in'
Slack : -0.219
TNS   : -0.535

Type  : Slow 1200mV 0C Model Hold 'clock'
Slack : -0.083
TNS   : -0.083

Type  : Slow 1200mV 0C Model Hold 'uc:uc_0|bc:bc_0|I_rd'
Slack : 1.549
TNS   : 0.000

Type  : Slow 1200mV 0C Model Minimum Pulse Width 'clock'
Slack : -3.000
TNS   : -29.000

Type  : Slow 1200mV 0C Model Minimum Pulse Width 'div_freq:div_freq_0|sig_clk_in'
Slack : -1.000
TNS   : -22.000

Type  : Slow 1200mV 0C Model Minimum Pulse Width 'uc:uc_0|bc:bc_0|I_rd'
Slack : 0.445
TNS   : 0.000

Type  : Fast 1200mV 0C Model Setup 'clock'
Slack : -1.172
TNS   : -11.249

Type  : Fast 1200mV 0C Model Setup 'uc:uc_0|bc:bc_0|I_rd'
Slack : -0.972
TNS   : -5.201

Type  : Fast 1200mV 0C Model Setup 'div_freq:div_freq_0|sig_clk_in'
Slack : -0.831
TNS   : -3.142

Type  : Fast 1200mV 0C Model Hold 'div_freq:div_freq_0|sig_clk_in'
Slack : -0.292
TNS   : -0.292

Type  : Fast 1200mV 0C Model Hold 'clock'
Slack : -0.099
TNS   : -0.099

Type  : Fast 1200mV 0C Model Hold 'uc:uc_0|bc:bc_0|I_rd'
Slack : 1.026
TNS   : 0.000

Type  : Fast 1200mV 0C Model Minimum Pulse Width 'clock'
Slack : -3.000
TNS   : -30.412

Type  : Fast 1200mV 0C Model Minimum Pulse Width 'div_freq:div_freq_0|sig_clk_in'
Slack : -1.000
TNS   : -22.000

Type  : Fast 1200mV 0C Model Minimum Pulse Width 'uc:uc_0|bc:bc_0|I_rd'
Slack : 0.390
TNS   : 0.000

------------------------------------------------------------
