
===========================================================================
 report_check_types -max_slew -max_cap -max_fanout -violators
============================================================================
max slew

Pin                                    Limit    Slew   Slack
------------------------------------------------------------
clock                                   1.50    2.82   -1.32 (VIOLATED)
_3058_/CLK                              1.50    2.82   -1.32 (VIOLATED)
_3059_/CLK                              1.50    2.82   -1.32 (VIOLATED)
_3060_/CLK                              1.50    2.82   -1.32 (VIOLATED)
_3061_/CLK                              1.50    2.82   -1.32 (VIOLATED)
_3062_/CLK                              1.50    2.82   -1.32 (VIOLATED)
_3063_/CLK                              1.50    2.82   -1.32 (VIOLATED)
_3064_/CLK                              1.50    2.82   -1.32 (VIOLATED)
_3065_/CLK                              1.50    2.82   -1.32 (VIOLATED)
_3066_/CLK                              1.50    2.82   -1.32 (VIOLATED)
_3067_/CLK                              1.50    2.82   -1.32 (VIOLATED)
_3068_/CLK                              1.50    2.82   -1.32 (VIOLATED)
_3069_/CLK                              1.50    2.82   -1.32 (VIOLATED)
_3070_/CLK                              1.50    2.82   -1.32 (VIOLATED)
_3071_/CLK                              1.50    2.82   -1.32 (VIOLATED)
_3072_/CLK                              1.50    2.82   -1.32 (VIOLATED)
_3073_/CLK                              1.50    2.82   -1.32 (VIOLATED)
_3074_/CLK                              1.50    2.82   -1.32 (VIOLATED)
_3075_/CLK                              1.50    2.82   -1.32 (VIOLATED)
_3076_/CLK                              1.50    2.82   -1.32 (VIOLATED)
_3077_/CLK                              1.50    2.82   -1.32 (VIOLATED)
_3078_/CLK                              1.50    2.82   -1.32 (VIOLATED)
_3079_/CLK                              1.50    2.82   -1.32 (VIOLATED)
_3080_/CLK                              1.50    2.82   -1.32 (VIOLATED)
_3081_/CLK                              1.50    2.82   -1.32 (VIOLATED)
_3082_/CLK                              1.50    2.82   -1.32 (VIOLATED)
_3083_/CLK                              1.50    2.82   -1.32 (VIOLATED)
_3084_/CLK                              1.50    2.82   -1.32 (VIOLATED)
_3085_/CLK                              1.50    2.82   -1.32 (VIOLATED)
_3086_/CLK                              1.50    2.82   -1.32 (VIOLATED)
_3087_/CLK                              1.50    2.82   -1.32 (VIOLATED)
_3088_/CLK                              1.50    2.82   -1.32 (VIOLATED)
_3089_/CLK                              1.50    2.82   -1.32 (VIOLATED)
_3122_/CLK                              1.50    2.82   -1.32 (VIOLATED)
_3123_/CLK                              1.50    2.82   -1.32 (VIOLATED)
_3124_/CLK                              1.50    2.82   -1.32 (VIOLATED)
_3125_/CLK                              1.50    2.82   -1.32 (VIOLATED)
_3126_/CLK                              1.50    2.82   -1.32 (VIOLATED)
_3127_/CLK                              1.50    2.82   -1.32 (VIOLATED)
_3128_/CLK                              1.50    2.82   -1.32 (VIOLATED)
_3129_/CLK                              1.50    2.82   -1.32 (VIOLATED)
_3130_/CLK                              1.50    2.82   -1.32 (VIOLATED)
_3131_/CLK                              1.50    2.82   -1.32 (VIOLATED)
_3132_/CLK                              1.50    2.82   -1.32 (VIOLATED)
_3133_/CLK                              1.50    2.82   -1.32 (VIOLATED)
_3134_/CLK                              1.50    2.82   -1.32 (VIOLATED)
_3135_/CLK                              1.50    2.82   -1.32 (VIOLATED)
_3136_/CLK                              1.50    2.82   -1.32 (VIOLATED)
_3137_/CLK                              1.50    2.82   -1.32 (VIOLATED)
_3138_/CLK                              1.50    2.82   -1.32 (VIOLATED)
_3139_/CLK                              1.50    2.82   -1.32 (VIOLATED)
_3140_/CLK                              1.50    2.82   -1.32 (VIOLATED)
_3141_/CLK                              1.50    2.82   -1.32 (VIOLATED)
_3142_/CLK                              1.50    2.82   -1.32 (VIOLATED)
_3143_/CLK                              1.50    2.82   -1.32 (VIOLATED)
_3144_/CLK                              1.50    2.82   -1.32 (VIOLATED)
_3145_/CLK                              1.50    2.82   -1.32 (VIOLATED)
_3146_/CLK                              1.50    2.82   -1.32 (VIOLATED)
_3147_/CLK                              1.50    2.82   -1.32 (VIOLATED)
_3148_/CLK                              1.50    2.82   -1.32 (VIOLATED)
_3149_/CLK                              1.50    2.82   -1.32 (VIOLATED)
_3150_/CLK                              1.50    2.82   -1.32 (VIOLATED)
_3151_/CLK                              1.50    2.82   -1.32 (VIOLATED)
_3152_/CLK                              1.50    2.82   -1.32 (VIOLATED)
_3153_/CLK                              1.50    2.82   -1.32 (VIOLATED)
_3154_/CLK                              1.50    2.82   -1.32 (VIOLATED)
_3155_/CLK                              1.50    2.82   -1.32 (VIOLATED)
_3156_/CLK                              1.50    2.82   -1.32 (VIOLATED)
_3157_/CLK                              1.50    2.82   -1.32 (VIOLATED)
_3158_/CLK                              1.50    2.82   -1.32 (VIOLATED)
_3159_/CLK                              1.50    2.82   -1.32 (VIOLATED)
_3160_/CLK                              1.50    2.82   -1.32 (VIOLATED)
_3161_/CLK                              1.50    2.82   -1.32 (VIOLATED)
_3162_/CLK                              1.50    2.82   -1.32 (VIOLATED)
_3163_/CLK                              1.50    2.82   -1.32 (VIOLATED)
_3164_/CLK                              1.50    2.82   -1.32 (VIOLATED)
_3165_/CLK                              1.50    2.82   -1.32 (VIOLATED)
_3166_/CLK                              1.50    2.82   -1.32 (VIOLATED)
_3167_/CLK                              1.50    2.82   -1.32 (VIOLATED)
_3168_/CLK                              1.50    2.82   -1.32 (VIOLATED)
_3169_/CLK                              1.50    2.82   -1.32 (VIOLATED)
_3170_/CLK                              1.50    2.82   -1.32 (VIOLATED)
_3171_/CLK                              1.50    2.82   -1.32 (VIOLATED)
_3172_/CLK                              1.50    2.82   -1.32 (VIOLATED)
_3173_/CLK                              1.50    2.82   -1.32 (VIOLATED)
_3174_/CLK                              1.50    2.82   -1.32 (VIOLATED)
_3175_/CLK                              1.50    2.82   -1.32 (VIOLATED)
_3176_/CLK                              1.50    2.82   -1.32 (VIOLATED)
_3177_/CLK                              1.50    2.82   -1.32 (VIOLATED)
_3178_/CLK                              1.50    2.82   -1.32 (VIOLATED)
_3179_/CLK                              1.50    2.82   -1.32 (VIOLATED)
_3180_/CLK                              1.50    2.82   -1.32 (VIOLATED)
_3181_/CLK                              1.50    2.82   -1.32 (VIOLATED)
_3182_/CLK                              1.50    2.82   -1.32 (VIOLATED)
_3183_/CLK                              1.50    2.82   -1.32 (VIOLATED)
_3184_/CLK                              1.50    2.82   -1.32 (VIOLATED)
_3185_/CLK                              1.50    2.82   -1.32 (VIOLATED)
_3186_/CLK                              1.50    2.82   -1.32 (VIOLATED)
_3187_/CLK                              1.50    2.82   -1.32 (VIOLATED)
_3188_/CLK                              1.50    2.82   -1.32 (VIOLATED)
_3189_/CLK                              1.50    2.82   -1.32 (VIOLATED)
_3190_/CLK                              1.50    2.82   -1.32 (VIOLATED)
_3191_/CLK                              1.50    2.82   -1.32 (VIOLATED)
_3192_/CLK                              1.50    2.82   -1.32 (VIOLATED)
_3193_/CLK                              1.50    2.82   -1.32 (VIOLATED)
_3194_/CLK                              1.50    2.82   -1.32 (VIOLATED)
_3195_/CLK                              1.50    2.82   -1.32 (VIOLATED)
_3196_/CLK                              1.50    2.82   -1.32 (VIOLATED)
_3197_/CLK                              1.50    2.82   -1.32 (VIOLATED)
_3198_/CLK                              1.50    2.82   -1.32 (VIOLATED)
_3199_/CLK                              1.50    2.82   -1.32 (VIOLATED)
_3200_/CLK                              1.50    2.82   -1.32 (VIOLATED)
_3201_/CLK                              1.50    2.82   -1.32 (VIOLATED)
_3202_/CLK                              1.50    2.82   -1.32 (VIOLATED)
_3203_/CLK                              1.50    2.82   -1.32 (VIOLATED)
_3204_/CLK                              1.50    2.82   -1.32 (VIOLATED)
_3205_/CLK                              1.50    2.82   -1.32 (VIOLATED)
_3206_/CLK                              1.50    2.82   -1.32 (VIOLATED)
_3207_/CLK                              1.50    2.82   -1.32 (VIOLATED)
_3208_/CLK                              1.50    2.82   -1.32 (VIOLATED)
_3209_/CLK                              1.50    2.82   -1.32 (VIOLATED)
_3210_/CLK                              1.50    2.82   -1.32 (VIOLATED)
_3211_/CLK                              1.50    2.82   -1.32 (VIOLATED)
_3212_/CLK                              1.50    2.82   -1.32 (VIOLATED)
_3213_/CLK                              1.50    2.82   -1.32 (VIOLATED)
_3214_/CLK                              1.50    2.82   -1.32 (VIOLATED)
_3215_/CLK                              1.50    2.82   -1.32 (VIOLATED)
_3216_/CLK                              1.50    2.82   -1.32 (VIOLATED)
_3217_/CLK                              1.50    2.82   -1.32 (VIOLATED)
_3218_/CLK                              1.50    2.82   -1.32 (VIOLATED)
_3219_/CLK                              1.50    2.82   -1.32 (VIOLATED)
_3220_/CLK                              1.50    2.82   -1.32 (VIOLATED)
_3221_/CLK                              1.50    2.82   -1.32 (VIOLATED)
_3222_/CLK                              1.50    2.82   -1.32 (VIOLATED)
_3223_/CLK                              1.50    2.82   -1.32 (VIOLATED)
_3224_/CLK                              1.50    2.82   -1.32 (VIOLATED)
_3225_/CLK                              1.50    2.82   -1.32 (VIOLATED)
_3226_/CLK                              1.50    2.82   -1.32 (VIOLATED)
_3227_/CLK                              1.50    2.82   -1.32 (VIOLATED)
_3228_/CLK                              1.50    2.82   -1.32 (VIOLATED)
_3229_/CLK                              1.50    2.82   -1.32 (VIOLATED)
_3230_/CLK                              1.50    2.82   -1.32 (VIOLATED)
_3231_/CLK                              1.50    2.82   -1.32 (VIOLATED)
_3232_/CLK                              1.50    2.82   -1.32 (VIOLATED)
_3233_/CLK                              1.50    2.82   -1.32 (VIOLATED)
_3234_/CLK                              1.50    2.82   -1.32 (VIOLATED)
_3235_/CLK                              1.50    2.82   -1.32 (VIOLATED)
_3236_/CLK                              1.50    2.82   -1.32 (VIOLATED)
_3237_/CLK                              1.50    2.82   -1.32 (VIOLATED)
_3238_/CLK                              1.50    2.82   -1.32 (VIOLATED)
_3239_/CLK                              1.50    2.82   -1.32 (VIOLATED)
_3240_/CLK                              1.50    2.82   -1.32 (VIOLATED)
_3241_/CLK                              1.50    2.82   -1.32 (VIOLATED)
_3242_/CLK                              1.50    2.82   -1.32 (VIOLATED)
_3243_/CLK                              1.50    2.82   -1.32 (VIOLATED)
_3244_/CLK                              1.50    2.82   -1.32 (VIOLATED)
_3245_/CLK                              1.50    2.82   -1.32 (VIOLATED)
_3246_/CLK                              1.50    2.82   -1.32 (VIOLATED)
_3247_/CLK                              1.50    2.82   -1.32 (VIOLATED)
_3248_/CLK                              1.50    2.82   -1.32 (VIOLATED)
_3249_/CLK                              1.50    2.82   -1.32 (VIOLATED)
_3250_/CLK                              1.50    2.82   -1.32 (VIOLATED)
_3251_/CLK                              1.50    2.82   -1.32 (VIOLATED)
_3252_/CLK                              1.50    2.82   -1.32 (VIOLATED)
_3253_/CLK                              1.50    2.82   -1.32 (VIOLATED)
_3254_/CLK                              1.50    2.82   -1.32 (VIOLATED)
_3255_/CLK                              1.50    2.82   -1.32 (VIOLATED)
_3256_/CLK                              1.50    2.82   -1.32 (VIOLATED)
_3257_/CLK                              1.50    2.82   -1.32 (VIOLATED)
_3258_/CLK                              1.50    2.82   -1.32 (VIOLATED)
_3259_/CLK                              1.50    2.82   -1.32 (VIOLATED)
_3260_/CLK                              1.50    2.82   -1.32 (VIOLATED)
_3261_/CLK                              1.50    2.82   -1.32 (VIOLATED)
_3262_/CLK                              1.50    2.82   -1.32 (VIOLATED)
_3263_/CLK                              1.50    2.82   -1.32 (VIOLATED)
_3264_/CLK                              1.50    2.82   -1.32 (VIOLATED)
_3265_/CLK                              1.50    2.82   -1.32 (VIOLATED)
_3266_/CLK                              1.50    2.82   -1.32 (VIOLATED)
_3267_/CLK                              1.50    2.82   -1.32 (VIOLATED)
_3268_/CLK                              1.50    2.82   -1.32 (VIOLATED)
_3269_/CLK                              1.50    2.82   -1.32 (VIOLATED)
_3270_/CLK                              1.50    2.82   -1.32 (VIOLATED)
_3271_/CLK                              1.50    2.82   -1.32 (VIOLATED)
_3272_/CLK                              1.50    2.82   -1.32 (VIOLATED)
_3273_/CLK                              1.50    2.82   -1.32 (VIOLATED)
_3274_/CLK                              1.50    2.82   -1.32 (VIOLATED)
_3275_/CLK                              1.50    2.82   -1.32 (VIOLATED)
_3276_/CLK                              1.50    2.82   -1.32 (VIOLATED)
_3277_/CLK                              1.50    2.82   -1.32 (VIOLATED)
_3278_/CLK                              1.50    2.82   -1.32 (VIOLATED)
_3279_/CLK                              1.50    2.82   -1.32 (VIOLATED)
_3280_/CLK                              1.50    2.82   -1.32 (VIOLATED)
_3281_/CLK                              1.50    2.82   -1.32 (VIOLATED)
_3282_/CLK                              1.50    2.82   -1.32 (VIOLATED)
_3283_/CLK                              1.50    2.82   -1.32 (VIOLATED)
_3284_/CLK                              1.50    2.82   -1.32 (VIOLATED)
_3285_/CLK                              1.50    2.82   -1.32 (VIOLATED)
_3286_/CLK                              1.50    2.82   -1.32 (VIOLATED)
_3287_/CLK                              1.50    2.82   -1.32 (VIOLATED)
_3288_/CLK                              1.50    2.82   -1.32 (VIOLATED)
_3289_/CLK                              1.50    2.82   -1.32 (VIOLATED)
_3290_/CLK                              1.50    2.82   -1.32 (VIOLATED)
_3291_/CLK                              1.50    2.82   -1.32 (VIOLATED)
_3292_/CLK                              1.50    2.82   -1.32 (VIOLATED)
_3293_/CLK                              1.50    2.82   -1.32 (VIOLATED)
_3294_/CLK                              1.50    2.82   -1.32 (VIOLATED)
_3295_/CLK                              1.50    2.82   -1.32 (VIOLATED)
_3296_/CLK                              1.50    2.82   -1.32 (VIOLATED)
_3297_/CLK                              1.50    2.82   -1.32 (VIOLATED)
_3298_/CLK                              1.50    2.82   -1.32 (VIOLATED)
_3299_/CLK                              1.50    2.82   -1.32 (VIOLATED)
_3300_/CLK                              1.50    2.82   -1.32 (VIOLATED)
_3301_/CLK                              1.50    2.82   -1.32 (VIOLATED)
_3302_/CLK                              1.50    2.82   -1.32 (VIOLATED)
_3303_/CLK                              1.50    2.82   -1.32 (VIOLATED)
_3304_/CLK                              1.50    2.82   -1.32 (VIOLATED)
_3305_/CLK                              1.50    2.82   -1.32 (VIOLATED)
_3306_/CLK                              1.50    2.82   -1.32 (VIOLATED)
_3307_/CLK                              1.50    2.82   -1.32 (VIOLATED)
_3308_/CLK                              1.50    2.82   -1.32 (VIOLATED)
_3309_/CLK                              1.50    2.82   -1.32 (VIOLATED)
_3310_/CLK                              1.50    2.82   -1.32 (VIOLATED)
_3311_/CLK                              1.50    2.82   -1.32 (VIOLATED)
_3312_/CLK                              1.50    2.82   -1.32 (VIOLATED)
_3313_/CLK                              1.50    2.82   -1.32 (VIOLATED)
_3314_/CLK                              1.50    2.82   -1.32 (VIOLATED)
_3315_/CLK                              1.50    2.82   -1.32 (VIOLATED)
_3316_/CLK                              1.50    2.82   -1.32 (VIOLATED)
_3317_/CLK                              1.50    2.82   -1.32 (VIOLATED)
_3318_/CLK                              1.50    2.82   -1.32 (VIOLATED)
_3319_/CLK                              1.50    2.82   -1.32 (VIOLATED)
_3320_/CLK                              1.50    2.82   -1.32 (VIOLATED)
_3321_/CLK                              1.50    2.82   -1.32 (VIOLATED)
_3322_/CLK                              1.50    2.82   -1.32 (VIOLATED)
_3323_/CLK                              1.50    2.82   -1.32 (VIOLATED)
_3324_/CLK                              1.50    2.82   -1.32 (VIOLATED)
_3325_/CLK                              1.50    2.82   -1.32 (VIOLATED)
_3326_/CLK                              1.50    2.82   -1.32 (VIOLATED)
_3327_/CLK                              1.50    2.82   -1.32 (VIOLATED)
_3328_/CLK                              1.50    2.82   -1.32 (VIOLATED)
_3329_/CLK                              1.50    2.82   -1.32 (VIOLATED)
_3330_/CLK                              1.50    2.82   -1.32 (VIOLATED)
_3331_/CLK                              1.50    2.82   -1.32 (VIOLATED)
_3332_/CLK                              1.50    2.82   -1.32 (VIOLATED)
_3333_/CLK                              1.50    2.82   -1.32 (VIOLATED)
_3334_/CLK                              1.50    2.82   -1.32 (VIOLATED)
_3335_/CLK                              1.50    2.82   -1.32 (VIOLATED)
_3336_/CLK                              1.50    2.82   -1.32 (VIOLATED)
_3337_/CLK                              1.50    2.82   -1.32 (VIOLATED)
_3338_/CLK                              1.50    2.82   -1.32 (VIOLATED)
_3339_/CLK                              1.50    2.82   -1.32 (VIOLATED)
_3340_/CLK                              1.50    2.82   -1.32 (VIOLATED)
_3341_/CLK                              1.50    2.82   -1.32 (VIOLATED)
_3342_/CLK                              1.50    2.82   -1.32 (VIOLATED)
_3343_/CLK                              1.50    2.82   -1.32 (VIOLATED)
_3344_/CLK                              1.50    2.82   -1.32 (VIOLATED)
_3345_/CLK                              1.50    2.82   -1.32 (VIOLATED)
_3346_/CLK                              1.50    2.82   -1.32 (VIOLATED)
_3347_/CLK                              1.50    2.82   -1.32 (VIOLATED)
_3348_/CLK                              1.50    2.82   -1.32 (VIOLATED)
_3349_/CLK                              1.50    2.82   -1.32 (VIOLATED)
_3350_/CLK                              1.50    2.82   -1.32 (VIOLATED)
_3351_/CLK                              1.50    2.82   -1.32 (VIOLATED)
_3352_/CLK                              1.50    2.82   -1.32 (VIOLATED)
_3353_/CLK                              1.50    2.82   -1.32 (VIOLATED)
_3354_/CLK                              1.50    2.82   -1.32 (VIOLATED)
_3355_/CLK                              1.50    2.82   -1.32 (VIOLATED)
_3356_/CLK                              1.50    2.82   -1.32 (VIOLATED)
_3357_/CLK                              1.50    2.82   -1.32 (VIOLATED)
_3358_/CLK                              1.50    2.82   -1.32 (VIOLATED)
_3359_/CLK                              1.50    2.82   -1.32 (VIOLATED)
_3360_/CLK                              1.50    2.82   -1.32 (VIOLATED)
_3361_/CLK                              1.50    2.82   -1.32 (VIOLATED)
_3362_/CLK                              1.50    2.82   -1.32 (VIOLATED)
_3363_/CLK                              1.50    2.82   -1.32 (VIOLATED)
_3364_/CLK                              1.50    2.82   -1.32 (VIOLATED)
_3365_/CLK                              1.50    2.82   -1.32 (VIOLATED)
_3366_/CLK                              1.50    2.82   -1.32 (VIOLATED)
_3367_/CLK                              1.50    2.82   -1.32 (VIOLATED)
_3368_/CLK                              1.50    2.82   -1.32 (VIOLATED)
_3369_/CLK                              1.50    2.82   -1.32 (VIOLATED)
_3370_/CLK                              1.50    2.82   -1.32 (VIOLATED)
_3371_/CLK                              1.50    2.82   -1.32 (VIOLATED)
_3372_/CLK                              1.50    2.82   -1.32 (VIOLATED)
_3373_/CLK                              1.50    2.82   -1.32 (VIOLATED)
_3374_/CLK                              1.50    2.82   -1.32 (VIOLATED)
_3375_/CLK                              1.50    2.82   -1.32 (VIOLATED)
_3376_/CLK                              1.50    2.82   -1.32 (VIOLATED)
_3377_/CLK                              1.50    2.82   -1.32 (VIOLATED)
_3378_/CLK                              1.50    2.82   -1.32 (VIOLATED)
_3379_/CLK                              1.50    2.82   -1.32 (VIOLATED)
_3380_/CLK                              1.50    2.82   -1.32 (VIOLATED)
_3381_/CLK                              1.50    2.82   -1.32 (VIOLATED)
_3382_/CLK                              1.50    2.82   -1.32 (VIOLATED)
_3383_/CLK                              1.50    2.82   -1.32 (VIOLATED)
_3384_/CLK                              1.50    2.82   -1.32 (VIOLATED)
_3385_/CLK                              1.50    2.82   -1.32 (VIOLATED)
_3386_/CLK                              1.50    2.82   -1.32 (VIOLATED)
_3387_/CLK                              1.50    2.82   -1.32 (VIOLATED)
_3388_/CLK                              1.50    2.82   -1.32 (VIOLATED)
_3389_/CLK                              1.50    2.82   -1.32 (VIOLATED)
_3390_/CLK                              1.50    2.82   -1.32 (VIOLATED)
_3391_/CLK                              1.50    2.82   -1.32 (VIOLATED)
_3392_/CLK                              1.50    2.82   -1.32 (VIOLATED)
_3393_/CLK                              1.50    2.82   -1.32 (VIOLATED)
_3394_/CLK                              1.50    2.82   -1.32 (VIOLATED)
_3395_/CLK                              1.50    2.82   -1.32 (VIOLATED)
_3396_/CLK                              1.50    2.82   -1.32 (VIOLATED)
_3397_/CLK                              1.50    2.82   -1.32 (VIOLATED)
_3398_/CLK                              1.50    2.82   -1.32 (VIOLATED)
_3399_/CLK                              1.50    2.82   -1.32 (VIOLATED)
_3400_/CLK                              1.50    2.82   -1.32 (VIOLATED)
_3401_/CLK                              1.50    2.82   -1.32 (VIOLATED)
_3402_/CLK                              1.50    2.82   -1.32 (VIOLATED)
_3403_/CLK                              1.50    2.82   -1.32 (VIOLATED)
_3404_/CLK                              1.50    2.82   -1.32 (VIOLATED)
_3405_/CLK                              1.50    2.82   -1.32 (VIOLATED)
_3406_/CLK                              1.50    2.82   -1.32 (VIOLATED)
_3407_/CLK                              1.50    2.82   -1.32 (VIOLATED)
_3408_/CLK                              1.50    2.82   -1.32 (VIOLATED)
_3409_/CLK                              1.50    2.82   -1.32 (VIOLATED)
_3410_/CLK                              1.50    2.82   -1.32 (VIOLATED)
_3411_/CLK                              1.50    2.82   -1.32 (VIOLATED)
_3412_/CLK                              1.50    2.82   -1.32 (VIOLATED)
_3413_/CLK                              1.50    2.82   -1.32 (VIOLATED)
_3414_/CLK                              1.50    2.82   -1.32 (VIOLATED)
_3415_/CLK                              1.50    2.82   -1.32 (VIOLATED)
_3416_/CLK                              1.50    2.82   -1.32 (VIOLATED)
_3417_/CLK                              1.50    2.82   -1.32 (VIOLATED)
_3418_/CLK                              1.50    2.82   -1.32 (VIOLATED)
_3419_/CLK                              1.50    2.82   -1.32 (VIOLATED)
_3420_/CLK                              1.50    2.82   -1.32 (VIOLATED)
_3421_/CLK                              1.50    2.82   -1.32 (VIOLATED)
_3422_/CLK                              1.50    2.82   -1.32 (VIOLATED)
_3423_/CLK                              1.50    2.82   -1.32 (VIOLATED)
_3424_/A                                1.50    2.82   -1.32 (VIOLATED)

max fanout

Pin                                   Limit Fanout  Slack
---------------------------------------------------------
clock                                     6    335   -329 (VIOLATED)
_3389_/Q                                  6     17    -11 (VIOLATED)
_3390_/Q                                  6     17    -11 (VIOLATED)

max capacitance

Pin                                    Limit     Cap   Slack
------------------------------------------------------------
clock                                   0.33    0.63   -0.30 (VIOLATED)


===========================================================================
max slew violation count 336
max fanout violation count 3
max cap violation count 1
============================================================================
